ERC report (2026-08-30T16:01:51, Encoding UTF8)
Report includes: Errors, Warnings

***** Sheet /
[pin_not_driven]: Input pin not driven by any Output pins
    ; error
    @(43.18 mm, 45.72 mm): Symbol U3 Pin 1 [CS#, Input, Line]
[pin_not_driven]: Input pin not driven by any Output pins
    ; error
    @(55.88 mm, 45.72 mm): Symbol U3 Pin 5 [SI, Input, Line]
[pin_not_driven]: Input pin not driven by any Output pins
    ; error
    @(55.88 mm, 48.26 mm): Symbol U3 Pin 6 [SCLK, Input, Line]
[isolated_pin_label]: Label connected to only one pin
    ; warning
    @(33.02 mm, 48.26 mm): Global Label 'FLASH_SD1'
[isolated_pin_label]: Label connected to only one pin
    ; warning
    @(34.29 mm, 45.72 mm): Global Label 'FLASH_CS'
[lib_symbol_issues]: The symbol library 'power' was not found at 'C:\Users\84480\Project\kicad-mcp\build\install\msvc-local-release\share\kicad\symbols\/power.kicad_sym'
    ; warning
    @(49.53 mm, 27.94 mm): Symbol PWR3 [PWR_FLAG]
[footprint_link_issues]: The current configuration does not include the footprint library 'Package_SO'
    ; warning
    @(49.53 mm, 49.53 mm): Symbol U3 [GD25Q16E]
[lib_symbol_issues]: The current configuration does not include the symbol library 'keyboard-89_local'
    ; warning
    @(49.53 mm, 49.53 mm): Symbol U3 [GD25Q16E]
[lib_symbol_issues]: The symbol library 'power' was not found at 'C:\Users\84480\Project\kicad-mcp\build\install\msvc-local-release\share\kicad\symbols\/power.kicad_sym'
    ; warning
    @(49.53 mm, 104.14 mm): Symbol PWR0 [PWR_FLAG]
[isolated_pin_label]: Label connected to only one pin
    ; warning
    @(57.15 mm, 45.72 mm): Global Label 'FLASH_SD0'
[isolated_pin_label]: Label connected to only one pin
    ; warning
    @(57.15 mm, 48.26 mm): Global Label 'FLASH_SCLK'

 ** ERC messages: 11  Errors 3  Warnings 8

 ** Ignored checks:
    - Global label only appears once in the schematic
    - Four connection points are joined together
    - SPICE model issue
    - Assigned footprint doesn't match footprint filters
