ERC report (2026-08-30T16:01:52, Encoding UTF8)
Report includes: Errors, Warnings

***** Sheet /
[footprint_link_issues]: The current configuration does not include the footprint library 'keyboard-89_local'
    ; warning
    @(44.45 mm, 50.80 mm): Symbol D1 [1N4148W]
[lib_symbol_issues]: The current configuration does not include the symbol library 'keyboard-89_local'
    ; warning
    @(44.45 mm, 50.80 mm): Symbol D1 [1N4148W]
[footprint_link_issues]: The current configuration does not include the footprint library 'keyboard-89_local'
    ; warning
    @(44.45 mm, 81.28 mm): Symbol D2 [1N4148W]
[lib_symbol_issues]: The current configuration does not include the symbol library 'keyboard-89_local'
    ; warning
    @(44.45 mm, 81.28 mm): Symbol D2 [1N4148W]
[footprint_link_issues]: The current configuration does not include the footprint library 'keyboard-89_local'
    ; warning
    @(44.45 mm, 111.76 mm): Symbol D3 [1N4148W]
[lib_symbol_issues]: The current configuration does not include the symbol library 'keyboard-89_local'
    ; warning
    @(44.45 mm, 111.76 mm): Symbol D3 [1N4148W]
[footprint_link_issues]: The current configuration does not include the footprint library 'keyboard-89_local'
    ; warning
    @(44.45 mm, 142.24 mm): Symbol D4 [1N4148W]
[lib_symbol_issues]: The current configuration does not include the symbol library 'keyboard-89_local'
    ; warning
    @(44.45 mm, 142.24 mm): Symbol D4 [1N4148W]
[footprint_link_issues]: The current configuration does not include the footprint library 'keyboard-89_local'
    ; warning
    @(44.45 mm, 172.72 mm): Symbol D5 [1N4148W]
[lib_symbol_issues]: The current configuration does not include the symbol library 'keyboard-89_local'
    ; warning
    @(44.45 mm, 172.72 mm): Symbol D5 [1N4148W]
[footprint_link_issues]: The current configuration does not include the footprint library 'keyboard-89_local'
    ; warning
    @(53.34 mm, 62.23 mm): Symbol TC-esc1 [TC-6601-5-160G]
[lib_symbol_issues]: The current configuration does not include the symbol library 'private_lib'
    ; warning
    @(53.34 mm, 62.23 mm): Symbol TC-esc1 [TC-6601-5-160G]
[footprint_link_issues]: The current configuration does not include the footprint library 'keyboard-89_local'
    ; warning
    @(53.34 mm, 92.71 mm): Symbol TC-tab1 [TC-6601-5-160G]
[lib_symbol_issues]: The current configuration does not include the symbol library 'private_lib'
    ; warning
    @(53.34 mm, 92.71 mm): Symbol TC-tab1 [TC-6601-5-160G]
[footprint_link_issues]: The current configuration does not include the footprint library 'keyboard-89_local'
    ; warning
    @(53.34 mm, 123.19 mm): Symbol TC-capslock1 [TC-6601-5-160G]
[lib_symbol_issues]: The current configuration does not include the symbol library 'private_lib'
    ; warning
    @(53.34 mm, 123.19 mm): Symbol TC-capslock1 [TC-6601-5-160G]
[footprint_link_issues]: The current configuration does not include the footprint library 'keyboard-89_local'
    ; warning
    @(53.34 mm, 153.67 mm): Symbol TC-shift-L1 [TC-6601-5-160G]
[lib_symbol_issues]: The current configuration does not include the symbol library 'private_lib'
    ; warning
    @(53.34 mm, 153.67 mm): Symbol TC-shift-L1 [TC-6601-5-160G]
[footprint_link_issues]: The current configuration does not include the footprint library 'keyboard-89_local'
    ; warning
    @(53.34 mm, 184.15 mm): Symbol TC-ctrl1 [TC-6601-5-160G]
[lib_symbol_issues]: The current configuration does not include the symbol library 'private_lib'
    ; warning
    @(53.34 mm, 184.15 mm): Symbol TC-ctrl1 [TC-6601-5-160G]
[footprint_link_issues]: The current configuration does not include the footprint library 'keyboard-89_local'
    ; warning
    @(58.42 mm, 50.80 mm): Symbol D6 [1N4148W]
[lib_symbol_issues]: The current configuration does not include the symbol library 'keyboard-89_local'
    ; warning
    @(58.42 mm, 50.80 mm): Symbol D6 [1N4148W]
[footprint_link_issues]: The current configuration does not include the footprint library 'keyboard-89_local'
    ; warning
    @(58.42 mm, 81.28 mm): Symbol D7 [1N4148W]
[lib_symbol_issues]: The current configuration does not include the symbol library 'keyboard-89_local'
    ; warning
    @(58.42 mm, 81.28 mm): Symbol D7 [1N4148W]
[footprint_link_issues]: The current configuration does not include the footprint library 'keyboard-89_local'
    ; warning
    @(58.42 mm, 111.76 mm): Symbol D8 [1N4148W]
[lib_symbol_issues]: The current configuration does not include the symbol library 'keyboard-89_local'
    ; warning
    @(58.42 mm, 111.76 mm): Symbol D8 [1N4148W]
[footprint_link_issues]: The current configuration does not include the footprint library 'keyboard-89_local'
    ; warning
    @(58.42 mm, 142.24 mm): Symbol D9 [1N4148W]
[lib_symbol_issues]: The current configuration does not include the symbol library 'keyboard-89_local'
    ; warning
    @(58.42 mm, 142.24 mm): Symbol D9 [1N4148W]
[footprint_link_issues]: The current configuration does not include the footprint library 'keyboard-89_local'
    ; warning
    @(58.42 mm, 172.72 mm): Symbol D10 [1N4148W]
[lib_symbol_issues]: The current configuration does not include the symbol library 'keyboard-89_local'
    ; warning
    @(58.42 mm, 172.72 mm): Symbol D10 [1N4148W]
[footprint_link_issues]: The current configuration does not include the footprint library 'keyboard-89_local'
    ; warning
    @(67.31 mm, 62.23 mm): Symbol TC-～1 [TC-6601-5-160G]
[lib_symbol_issues]: The current configuration does not include the symbol library 'private_lib'
    ; warning
    @(67.31 mm, 62.23 mm): Symbol TC-～1 [TC-6601-5-160G]
[footprint_link_issues]: The current configuration does not include the footprint library 'keyboard-89_local'
    ; warning
    @(67.31 mm, 92.71 mm): Symbol TC-Q1 [TC-6601-5-160G]
[lib_symbol_issues]: The current configuration does not include the symbol library 'private_lib'
    ; warning
    @(67.31 mm, 92.71 mm): Symbol TC-Q1 [TC-6601-5-160G]
[footprint_link_issues]: The current configuration does not include the footprint library 'keyboard-89_local'
    ; warning
    @(67.31 mm, 123.19 mm): Symbol TC-A1 [TC-6601-5-160G]
[lib_symbol_issues]: The current configuration does not include the symbol library 'private_lib'
    ; warning
    @(67.31 mm, 123.19 mm): Symbol TC-A1 [TC-6601-5-160G]
[footprint_link_issues]: The current configuration does not include the footprint library 'keyboard-89_local'
    ; warning
    @(67.31 mm, 153.67 mm): Symbol TC-Z1 [TC-6601-5-160G]
[lib_symbol_issues]: The current configuration does not include the symbol library 'private_lib'
    ; warning
    @(67.31 mm, 153.67 mm): Symbol TC-Z1 [TC-6601-5-160G]
[footprint_link_issues]: The current configuration does not include the footprint library 'keyboard-89_local'
    ; warning
    @(67.31 mm, 184.15 mm): Symbol TC-windows1 [TC-6601-5-160G]
[lib_symbol_issues]: The current configuration does not include the symbol library 'private_lib'
    ; warning
    @(67.31 mm, 184.15 mm): Symbol TC-windows1 [TC-6601-5-160G]
[footprint_link_issues]: The current configuration does not include the footprint library 'keyboard-89_local'
    ; warning
    @(72.39 mm, 50.80 mm): Symbol D11 [1N4148W]
[lib_symbol_issues]: The current configuration does not include the symbol library 'keyboard-89_local'
    ; warning
    @(72.39 mm, 50.80 mm): Symbol D11 [1N4148W]
[footprint_link_issues]: The current configuration does not include the footprint library 'keyboard-89_local'
    ; warning
    @(72.39 mm, 81.28 mm): Symbol D12 [1N4148W]
[lib_symbol_issues]: The current configuration does not include the symbol library 'keyboard-89_local'
    ; warning
    @(72.39 mm, 81.28 mm): Symbol D12 [1N4148W]
[footprint_link_issues]: The current configuration does not include the footprint library 'keyboard-89_local'
    ; warning
    @(72.39 mm, 111.76 mm): Symbol D13 [1N4148W]
[lib_symbol_issues]: The current configuration does not include the symbol library 'keyboard-89_local'
    ; warning
    @(72.39 mm, 111.76 mm): Symbol D13 [1N4148W]
[footprint_link_issues]: The current configuration does not include the footprint library 'keyboard-89_local'
    ; warning
    @(72.39 mm, 142.24 mm): Symbol D14 [1N4148W]
[lib_symbol_issues]: The current configuration does not include the symbol library 'keyboard-89_local'
    ; warning
    @(72.39 mm, 142.24 mm): Symbol D14 [1N4148W]
[footprint_link_issues]: The current configuration does not include the footprint library 'keyboard-89_local'
    ; warning
    @(72.39 mm, 172.72 mm): Symbol D15 [1N4148W]
[lib_symbol_issues]: The current configuration does not include the symbol library 'keyboard-89_local'
    ; warning
    @(72.39 mm, 172.72 mm): Symbol D15 [1N4148W]
[footprint_link_issues]: The current configuration does not include the footprint library 'keyboard-89_local'
    ; warning
    @(81.28 mm, 62.23 mm): Symbol TC-`1 [TC-6601-5-160G]
[lib_symbol_issues]: The current configuration does not include the symbol library 'private_lib'
    ; warning
    @(81.28 mm, 62.23 mm): Symbol TC-`1 [TC-6601-5-160G]
[footprint_link_issues]: The current configuration does not include the footprint library 'keyboard-89_local'
    ; warning
    @(81.28 mm, 92.71 mm): Symbol TC-W1 [TC-6601-5-160G]
[lib_symbol_issues]: The current configuration does not include the symbol library 'private_lib'
    ; warning
    @(81.28 mm, 92.71 mm): Symbol TC-W1 [TC-6601-5-160G]
[footprint_link_issues]: The current configuration does not include the footprint library 'keyboard-89_local'
    ; warning
    @(81.28 mm, 123.19 mm): Symbol TC-S1 [TC-6601-5-160G]
[lib_symbol_issues]: The current configuration does not include the symbol library 'private_lib'
    ; warning
    @(81.28 mm, 123.19 mm): Symbol TC-S1 [TC-6601-5-160G]
[footprint_link_issues]: The current configuration does not include the footprint library 'keyboard-89_local'
    ; warning
    @(81.28 mm, 153.67 mm): Symbol TC-X1 [TC-6601-5-160G]
[lib_symbol_issues]: The current configuration does not include the symbol library 'private_lib'
    ; warning
    @(81.28 mm, 153.67 mm): Symbol TC-X1 [TC-6601-5-160G]
[footprint_link_issues]: The current configuration does not include the footprint library 'keyboard-89_local'
    ; warning
    @(81.28 mm, 184.15 mm): Symbol TC-alt1 [TC-6601-5-160G]
[lib_symbol_issues]: The current configuration does not include the symbol library 'private_lib'
    ; warning
    @(81.28 mm, 184.15 mm): Symbol TC-alt1 [TC-6601-5-160G]
[footprint_link_issues]: The current configuration does not include the footprint library 'keyboard-89_local'
    ; warning
    @(86.36 mm, 50.80 mm): Symbol D16 [1N4148W]
[lib_symbol_issues]: The current configuration does not include the symbol library 'keyboard-89_local'
    ; warning
    @(86.36 mm, 50.80 mm): Symbol D16 [1N4148W]
[footprint_link_issues]: The current configuration does not include the footprint library 'keyboard-89_local'
    ; warning
    @(86.36 mm, 81.28 mm): Symbol D17 [1N4148W]
[lib_symbol_issues]: The current configuration does not include the symbol library 'keyboard-89_local'
    ; warning
    @(86.36 mm, 81.28 mm): Symbol D17 [1N4148W]
[footprint_link_issues]: The current configuration does not include the footprint library 'keyboard-89_local'
    ; warning
    @(86.36 mm, 111.76 mm): Symbol D18 [1N4148W]
[lib_symbol_issues]: The current configuration does not include the symbol library 'keyboard-89_local'
    ; warning
    @(86.36 mm, 111.76 mm): Symbol D18 [1N4148W]
[footprint_link_issues]: The current configuration does not include the footprint library 'keyboard-89_local'
    ; warning
    @(86.36 mm, 142.24 mm): Symbol D19 [1N4148W]
[lib_symbol_issues]: The current configuration does not include the symbol library 'keyboard-89_local'
    ; warning
    @(86.36 mm, 142.24 mm): Symbol D19 [1N4148W]
[footprint_link_issues]: The current configuration does not include the footprint library 'keyboard-89_local'
    ; warning
    @(95.25 mm, 62.23 mm): Symbol TC-!1 [TC-6601-5-160G]
[lib_symbol_issues]: The current configuration does not include the symbol library 'private_lib'
    ; warning
    @(95.25 mm, 62.23 mm): Symbol TC-!1 [TC-6601-5-160G]
[footprint_link_issues]: The current configuration does not include the footprint library 'keyboard-89_local'
    ; warning
    @(95.25 mm, 92.71 mm): Symbol TC-E1 [TC-6601-5-160G]
[lib_symbol_issues]: The current configuration does not include the symbol library 'private_lib'
    ; warning
    @(95.25 mm, 92.71 mm): Symbol TC-E1 [TC-6601-5-160G]
[footprint_link_issues]: The current configuration does not include the footprint library 'keyboard-89_local'
    ; warning
    @(95.25 mm, 123.19 mm): Symbol TC-D1 [TC-6601-5-160G]
[lib_symbol_issues]: The current configuration does not include the symbol library 'private_lib'
    ; warning
    @(95.25 mm, 123.19 mm): Symbol TC-D1 [TC-6601-5-160G]
[footprint_link_issues]: The current configuration does not include the footprint library 'keyboard-89_local'
    ; warning
    @(95.25 mm, 153.67 mm): Symbol TC-C1 [TC-6601-5-160G]
[lib_symbol_issues]: The current configuration does not include the symbol library 'private_lib'
    ; warning
    @(95.25 mm, 153.67 mm): Symbol TC-C1 [TC-6601-5-160G]
[footprint_link_issues]: The current configuration does not include the footprint library 'keyboard-89_local'
    ; warning
    @(100.33 mm, 50.80 mm): Symbol D20 [1N4148W]
[lib_symbol_issues]: The current configuration does not include the symbol library 'keyboard-89_local'
    ; warning
    @(100.33 mm, 50.80 mm): Symbol D20 [1N4148W]
[footprint_link_issues]: The current configuration does not include the footprint library 'keyboard-89_local'
    ; warning
    @(100.33 mm, 81.28 mm): Symbol D21 [1N4148W]
[lib_symbol_issues]: The current configuration does not include the symbol library 'keyboard-89_local'
    ; warning
    @(100.33 mm, 81.28 mm): Symbol D21 [1N4148W]
[footprint_link_issues]: The current configuration does not include the footprint library 'keyboard-89_local'
    ; warning
    @(100.33 mm, 111.76 mm): Symbol D22 [1N4148W]
[lib_symbol_issues]: The current configuration does not include the symbol library 'keyboard-89_local'
    ; warning
    @(100.33 mm, 111.76 mm): Symbol D22 [1N4148W]
[footprint_link_issues]: The current configuration does not include the footprint library 'keyboard-89_local'
    ; warning
    @(100.33 mm, 142.24 mm): Symbol D23 [1N4148W]
[lib_symbol_issues]: The current configuration does not include the symbol library 'keyboard-89_local'
    ; warning
    @(100.33 mm, 142.24 mm): Symbol D23 [1N4148W]
[footprint_link_issues]: The current configuration does not include the footprint library 'keyboard-89_local'
    ; warning
    @(109.22 mm, 62.23 mm): Symbol TC-@1 [TC-6601-5-160G]
[lib_symbol_issues]: The current configuration does not include the symbol library 'private_lib'
    ; warning
    @(109.22 mm, 62.23 mm): Symbol TC-@1 [TC-6601-5-160G]
[footprint_link_issues]: The current configuration does not include the footprint library 'keyboard-89_local'
    ; warning
    @(109.22 mm, 92.71 mm): Symbol TC-R1 [TC-6601-5-160G]
[lib_symbol_issues]: The current configuration does not include the symbol library 'private_lib'
    ; warning
    @(109.22 mm, 92.71 mm): Symbol TC-R1 [TC-6601-5-160G]
[footprint_link_issues]: The current configuration does not include the footprint library 'keyboard-89_local'
    ; warning
    @(109.22 mm, 123.19 mm): Symbol TC-F1 [TC-6601-5-160G]
[lib_symbol_issues]: The current configuration does not include the symbol library 'private_lib'
    ; warning
    @(109.22 mm, 123.19 mm): Symbol TC-F1 [TC-6601-5-160G]
[footprint_link_issues]: The current configuration does not include the footprint library 'keyboard-89_local'
    ; warning
    @(109.22 mm, 153.67 mm): Symbol TC-V1 [TC-6601-5-160G]
[lib_symbol_issues]: The current configuration does not include the symbol library 'private_lib'
    ; warning
    @(109.22 mm, 153.67 mm): Symbol TC-V1 [TC-6601-5-160G]
[footprint_link_issues]: The current configuration does not include the footprint library 'keyboard-89_local'
    ; warning
    @(114.30 mm, 50.80 mm): Symbol D24 [1N4148W]
[lib_symbol_issues]: The current configuration does not include the symbol library 'keyboard-89_local'
    ; warning
    @(114.30 mm, 50.80 mm): Symbol D24 [1N4148W]
[footprint_link_issues]: The current configuration does not include the footprint library 'keyboard-89_local'
    ; warning
    @(114.30 mm, 81.28 mm): Symbol D25 [1N4148W]
[lib_symbol_issues]: The current configuration does not include the symbol library 'keyboard-89_local'
    ; warning
    @(114.30 mm, 81.28 mm): Symbol D25 [1N4148W]
[footprint_link_issues]: The current configuration does not include the footprint library 'keyboard-89_local'
    ; warning
    @(114.30 mm, 111.76 mm): Symbol D26 [1N4148W]
[lib_symbol_issues]: The current configuration does not include the symbol library 'keyboard-89_local'
    ; warning
    @(114.30 mm, 111.76 mm): Symbol D26 [1N4148W]
[footprint_link_issues]: The current configuration does not include the footprint library 'keyboard-89_local'
    ; warning
    @(114.30 mm, 142.24 mm): Symbol D27 [1N4148W]
[lib_symbol_issues]: The current configuration does not include the symbol library 'keyboard-89_local'
    ; warning
    @(114.30 mm, 142.24 mm): Symbol D27 [1N4148W]
[footprint_link_issues]: The current configuration does not include the footprint library 'keyboard-89_local'
    ; warning
    @(114.30 mm, 172.72 mm): Symbol D28 [1N4148W]
[lib_symbol_issues]: The current configuration does not include the symbol library 'keyboard-89_local'
    ; warning
    @(114.30 mm, 172.72 mm): Symbol D28 [1N4148W]
[footprint_link_issues]: The current configuration does not include the footprint library 'keyboard-89_local'
    ; warning
    @(123.19 mm, 62.23 mm): Symbol TC-\#1 [TC-6601-5-160G]
[lib_symbol_issues]: The current configuration does not include the symbol library 'private_lib'
    ; warning
    @(123.19 mm, 62.23 mm): Symbol TC-\#1 [TC-6601-5-160G]
[footprint_link_issues]: The current configuration does not include the footprint library 'keyboard-89_local'
    ; warning
    @(123.19 mm, 92.71 mm): Symbol TC-T1 [TC-6601-5-160G]
[lib_symbol_issues]: The current configuration does not include the symbol library 'private_lib'
    ; warning
    @(123.19 mm, 92.71 mm): Symbol TC-T1 [TC-6601-5-160G]
[footprint_link_issues]: The current configuration does not include the footprint library 'keyboard-89_local'
    ; warning
    @(123.19 mm, 123.19 mm): Symbol TC-G1 [TC-6601-5-160G]
[lib_symbol_issues]: The current configuration does not include the symbol library 'private_lib'
    ; warning
    @(123.19 mm, 123.19 mm): Symbol TC-G1 [TC-6601-5-160G]
[footprint_link_issues]: The current configuration does not include the footprint library 'keyboard-89_local'
    ; warning
    @(123.19 mm, 153.67 mm): Symbol TC-B1 [TC-6601-5-160G]
[lib_symbol_issues]: The current configuration does not include the symbol library 'private_lib'
    ; warning
    @(123.19 mm, 153.67 mm): Symbol TC-B1 [TC-6601-5-160G]
[footprint_link_issues]: The current configuration does not include the footprint library 'keyboard-89_local'
    ; warning
    @(123.19 mm, 184.15 mm): Symbol TC-blankspace1 [TC-6601-5-160G]
[lib_symbol_issues]: The current configuration does not include the symbol library 'private_lib'
    ; warning
    @(123.19 mm, 184.15 mm): Symbol TC-blankspace1 [TC-6601-5-160G]
[footprint_link_issues]: The current configuration does not include the footprint library 'keyboard-89_local'
    ; warning
    @(128.27 mm, 50.80 mm): Symbol D29 [1N4148W]
[lib_symbol_issues]: The current configuration does not include the symbol library 'keyboard-89_local'
    ; warning
    @(128.27 mm, 50.80 mm): Symbol D29 [1N4148W]
[footprint_link_issues]: The current configuration does not include the footprint library 'keyboard-89_local'
    ; warning
    @(128.27 mm, 81.28 mm): Symbol D30 [1N4148W]
[lib_symbol_issues]: The current configuration does not include the symbol library 'keyboard-89_local'
    ; warning
    @(128.27 mm, 81.28 mm): Symbol D30 [1N4148W]
[footprint_link_issues]: The current configuration does not include the footprint library 'keyboard-89_local'
    ; warning
    @(128.27 mm, 111.76 mm): Symbol D31 [1N4148W]
[lib_symbol_issues]: The current configuration does not include the symbol library 'keyboard-89_local'
    ; warning
    @(128.27 mm, 111.76 mm): Symbol D31 [1N4148W]
[footprint_link_issues]: The current configuration does not include the footprint library 'keyboard-89_local'
    ; warning
    @(128.27 mm, 142.24 mm): Symbol D32 [1N4148W]
[lib_symbol_issues]: The current configuration does not include the symbol library 'keyboard-89_local'
    ; warning
    @(128.27 mm, 142.24 mm): Symbol D32 [1N4148W]
[footprint_link_issues]: The current configuration does not include the footprint library 'keyboard-89_local'
    ; warning
    @(137.16 mm, 62.23 mm): Symbol TC-\$1 [TC-6601-5-160G]
[lib_symbol_issues]: The current configuration does not include the symbol library 'private_lib'
    ; warning
    @(137.16 mm, 62.23 mm): Symbol TC-\$1 [TC-6601-5-160G]
[footprint_link_issues]: The current configuration does not include the footprint library 'keyboard-89_local'
    ; warning
    @(137.16 mm, 92.71 mm): Symbol TC-Y1 [TC-6601-5-160G]
[lib_symbol_issues]: The current configuration does not include the symbol library 'private_lib'
    ; warning
    @(137.16 mm, 92.71 mm): Symbol TC-Y1 [TC-6601-5-160G]
[footprint_link_issues]: The current configuration does not include the footprint library 'keyboard-89_local'
    ; warning
    @(137.16 mm, 123.19 mm): Symbol TC-H1 [TC-6601-5-160G]
[lib_symbol_issues]: The current configuration does not include the symbol library 'private_lib'
    ; warning
    @(137.16 mm, 123.19 mm): Symbol TC-H1 [TC-6601-5-160G]
[footprint_link_issues]: The current configuration does not include the footprint library 'keyboard-89_local'
    ; warning
    @(137.16 mm, 153.67 mm): Symbol TC-N1 [TC-6601-5-160G]
[lib_symbol_issues]: The current configuration does not include the symbol library 'private_lib'
    ; warning
    @(137.16 mm, 153.67 mm): Symbol TC-N1 [TC-6601-5-160G]
[footprint_link_issues]: The current configuration does not include the footprint library 'keyboard-89_local'
    ; warning
    @(142.24 mm, 50.80 mm): Symbol D33 [1N4148W]
[lib_symbol_issues]: The current configuration does not include the symbol library 'keyboard-89_local'
    ; warning
    @(142.24 mm, 50.80 mm): Symbol D33 [1N4148W]
[footprint_link_issues]: The current configuration does not include the footprint library 'keyboard-89_local'
    ; warning
    @(142.24 mm, 81.28 mm): Symbol D34 [1N4148W]
[lib_symbol_issues]: The current configuration does not include the symbol library 'keyboard-89_local'
    ; warning
    @(142.24 mm, 81.28 mm): Symbol D34 [1N4148W]
[footprint_link_issues]: The current configuration does not include the footprint library 'keyboard-89_local'
    ; warning
    @(142.24 mm, 111.76 mm): Symbol D35 [1N4148W]
[lib_symbol_issues]: The current configuration does not include the symbol library 'keyboard-89_local'
    ; warning
    @(142.24 mm, 111.76 mm): Symbol D35 [1N4148W]
[footprint_link_issues]: The current configuration does not include the footprint library 'keyboard-89_local'
    ; warning
    @(142.24 mm, 142.24 mm): Symbol D36 [1N4148W]
[lib_symbol_issues]: The current configuration does not include the symbol library 'keyboard-89_local'
    ; warning
    @(142.24 mm, 142.24 mm): Symbol D36 [1N4148W]
[footprint_link_issues]: The current configuration does not include the footprint library 'keyboard-89_local'
    ; warning
    @(151.13 mm, 62.23 mm): Symbol TC-\%1 [TC-6601-5-160G]
[lib_symbol_issues]: The current configuration does not include the symbol library 'private_lib'
    ; warning
    @(151.13 mm, 62.23 mm): Symbol TC-\%1 [TC-6601-5-160G]
[footprint_link_issues]: The current configuration does not include the footprint library 'keyboard-89_local'
    ; warning
    @(151.13 mm, 92.71 mm): Symbol TC-U1 [TC-6601-5-160G]
[lib_symbol_issues]: The current configuration does not include the symbol library 'private_lib'
    ; warning
    @(151.13 mm, 92.71 mm): Symbol TC-U1 [TC-6601-5-160G]
[footprint_link_issues]: The current configuration does not include the footprint library 'keyboard-89_local'
    ; warning
    @(151.13 mm, 123.19 mm): Symbol TC-J1 [TC-6601-5-160G]
[lib_symbol_issues]: The current configuration does not include the symbol library 'private_lib'
    ; warning
    @(151.13 mm, 123.19 mm): Symbol TC-J1 [TC-6601-5-160G]
[footprint_link_issues]: The current configuration does not include the footprint library 'keyboard-89_local'
    ; warning
    @(151.13 mm, 153.67 mm): Symbol TC-M1 [TC-6601-5-160G]
[lib_symbol_issues]: The current configuration does not include the symbol library 'private_lib'
    ; warning
    @(151.13 mm, 153.67 mm): Symbol TC-M1 [TC-6601-5-160G]
[footprint_link_issues]: The current configuration does not include the footprint library 'keyboard-89_local'
    ; warning
    @(156.21 mm, 50.80 mm): Symbol D37 [1N4148W]
[lib_symbol_issues]: The current configuration does not include the symbol library 'keyboard-89_local'
    ; warning
    @(156.21 mm, 50.80 mm): Symbol D37 [1N4148W]
[footprint_link_issues]: The current configuration does not include the footprint library 'keyboard-89_local'
    ; warning
    @(156.21 mm, 81.28 mm): Symbol D38 [1N4148W]
[lib_symbol_issues]: The current configuration does not include the symbol library 'keyboard-89_local'
    ; warning
    @(156.21 mm, 81.28 mm): Symbol D38 [1N4148W]
[footprint_link_issues]: The current configuration does not include the footprint library 'keyboard-89_local'
    ; warning
    @(156.21 mm, 111.76 mm): Symbol D39 [1N4148W]
[lib_symbol_issues]: The current configuration does not include the symbol library 'keyboard-89_local'
    ; warning
    @(156.21 mm, 111.76 mm): Symbol D39 [1N4148W]
[footprint_link_issues]: The current configuration does not include the footprint library 'keyboard-89_local'
    ; warning
    @(156.21 mm, 142.24 mm): Symbol D40 [1N4148W]
[lib_symbol_issues]: The current configuration does not include the symbol library 'keyboard-89_local'
    ; warning
    @(156.21 mm, 142.24 mm): Symbol D40 [1N4148W]
[footprint_link_issues]: The current configuration does not include the footprint library 'keyboard-89_local'
    ; warning
    @(156.21 mm, 172.72 mm): Symbol D41 [1N4148W]
[lib_symbol_issues]: The current configuration does not include the symbol library 'keyboard-89_local'
    ; warning
    @(156.21 mm, 172.72 mm): Symbol D41 [1N4148W]
[footprint_link_issues]: The current configuration does not include the footprint library 'keyboard-89_local'
    ; warning
    @(165.10 mm, 62.23 mm): Symbol TC-^1 [TC-6601-5-160G]
[lib_symbol_issues]: The current configuration does not include the symbol library 'private_lib'
    ; warning
    @(165.10 mm, 62.23 mm): Symbol TC-^1 [TC-6601-5-160G]
[footprint_link_issues]: The current configuration does not include the footprint library 'keyboard-89_local'
    ; warning
    @(165.10 mm, 92.71 mm): Symbol TC-I1 [TC-6601-5-160G]
[lib_symbol_issues]: The current configuration does not include the symbol library 'private_lib'
    ; warning
    @(165.10 mm, 92.71 mm): Symbol TC-I1 [TC-6601-5-160G]
[footprint_link_issues]: The current configuration does not include the footprint library 'keyboard-89_local'
    ; warning
    @(165.10 mm, 123.19 mm): Symbol TC-K1 [TC-6601-5-160G]
[lib_symbol_issues]: The current configuration does not include the symbol library 'private_lib'
    ; warning
    @(165.10 mm, 123.19 mm): Symbol TC-K1 [TC-6601-5-160G]
[footprint_link_issues]: The current configuration does not include the footprint library 'keyboard-89_local'
    ; warning
    @(165.10 mm, 153.67 mm): Symbol TC-\<,1 [TC-6601-5-160G]
[lib_symbol_issues]: The current configuration does not include the symbol library 'private_lib'
    ; warning
    @(165.10 mm, 153.67 mm): Symbol TC-\<,1 [TC-6601-5-160G]
[footprint_link_issues]: The current configuration does not include the footprint library 'keyboard-89_local'
    ; warning
    @(165.10 mm, 184.15 mm): Symbol TC-F(0-9)1 [TC-6601-5-160G]
[lib_symbol_issues]: The current configuration does not include the symbol library 'private_lib'
    ; warning
    @(165.10 mm, 184.15 mm): Symbol TC-F(0-9)1 [TC-6601-5-160G]
[footprint_link_issues]: The current configuration does not include the footprint library 'keyboard-89_local'
    ; warning
    @(170.18 mm, 50.80 mm): Symbol D42 [1N4148W]
[lib_symbol_issues]: The current configuration does not include the symbol library 'keyboard-89_local'
    ; warning
    @(170.18 mm, 50.80 mm): Symbol D42 [1N4148W]
[footprint_link_issues]: The current configuration does not include the footprint library 'keyboard-89_local'
    ; warning
    @(170.18 mm, 81.28 mm): Symbol D43 [1N4148W]
[lib_symbol_issues]: The current configuration does not include the symbol library 'keyboard-89_local'
    ; warning
    @(170.18 mm, 81.28 mm): Symbol D43 [1N4148W]
[footprint_link_issues]: The current configuration does not include the footprint library 'keyboard-89_local'
    ; warning
    @(170.18 mm, 111.76 mm): Symbol D44 [1N4148W]
[lib_symbol_issues]: The current configuration does not include the symbol library 'keyboard-89_local'
    ; warning
    @(170.18 mm, 111.76 mm): Symbol D44 [1N4148W]
[footprint_link_issues]: The current configuration does not include the footprint library 'keyboard-89_local'
    ; warning
    @(170.18 mm, 142.24 mm): Symbol D45 [1N4148W]
[lib_symbol_issues]: The current configuration does not include the symbol library 'keyboard-89_local'
    ; warning
    @(170.18 mm, 142.24 mm): Symbol D45 [1N4148W]
[footprint_link_issues]: The current configuration does not include the footprint library 'keyboard-89_local'
    ; warning
    @(170.18 mm, 172.72 mm): Symbol D46 [1N4148W]
[lib_symbol_issues]: The current configuration does not include the symbol library 'keyboard-89_local'
    ; warning
    @(170.18 mm, 172.72 mm): Symbol D46 [1N4148W]
[footprint_link_issues]: The current configuration does not include the footprint library 'keyboard-89_local'
    ; warning
    @(179.07 mm, 62.23 mm): Symbol TC-\&1 [TC-6601-5-160G]
[lib_symbol_issues]: The current configuration does not include the symbol library 'private_lib'
    ; warning
    @(179.07 mm, 62.23 mm): Symbol TC-\&1 [TC-6601-5-160G]
[footprint_link_issues]: The current configuration does not include the footprint library 'keyboard-89_local'
    ; warning
    @(179.07 mm, 92.71 mm): Symbol TC-O1 [TC-6601-5-160G]
[lib_symbol_issues]: The current configuration does not include the symbol library 'private_lib'
    ; warning
    @(179.07 mm, 92.71 mm): Symbol TC-O1 [TC-6601-5-160G]
[footprint_link_issues]: The current configuration does not include the footprint library 'keyboard-89_local'
    ; warning
    @(179.07 mm, 123.19 mm): Symbol TC-L1 [TC-6601-5-160G]
[lib_symbol_issues]: The current configuration does not include the symbol library 'private_lib'
    ; warning
    @(179.07 mm, 123.19 mm): Symbol TC-L1 [TC-6601-5-160G]
[footprint_link_issues]: The current configuration does not include the footprint library 'keyboard-89_local'
    ; warning
    @(179.07 mm, 153.67 mm): Symbol TC-\>.1 [TC-6601-5-160G]
[lib_symbol_issues]: The current configuration does not include the symbol library 'private_lib'
    ; warning
    @(179.07 mm, 153.67 mm): Symbol TC-\>.1 [TC-6601-5-160G]
[footprint_link_issues]: The current configuration does not include the footprint library 'keyboard-89_local'
    ; warning
    @(179.07 mm, 184.15 mm): Symbol TC-F2 [TC-6601-5-160G]
[lib_symbol_issues]: The current configuration does not include the symbol library 'private_lib'
    ; warning
    @(179.07 mm, 184.15 mm): Symbol TC-F2 [TC-6601-5-160G]
[footprint_link_issues]: The current configuration does not include the footprint library 'keyboard-89_local'
    ; warning
    @(184.15 mm, 50.80 mm): Symbol D47 [1N4148W]
[lib_symbol_issues]: The current configuration does not include the symbol library 'keyboard-89_local'
    ; warning
    @(184.15 mm, 50.80 mm): Symbol D47 [1N4148W]
[footprint_link_issues]: The current configuration does not include the footprint library 'keyboard-89_local'
    ; warning
    @(184.15 mm, 81.28 mm): Symbol D48 [1N4148W]
[lib_symbol_issues]: The current configuration does not include the symbol library 'keyboard-89_local'
    ; warning
    @(184.15 mm, 81.28 mm): Symbol D48 [1N4148W]
[footprint_link_issues]: The current configuration does not include the footprint library 'keyboard-89_local'
    ; warning
    @(184.15 mm, 111.76 mm): Symbol D49 [1N4148W]
[lib_symbol_issues]: The current configuration does not include the symbol library 'keyboard-89_local'
    ; warning
    @(184.15 mm, 111.76 mm): Symbol D49 [1N4148W]
[footprint_link_issues]: The current configuration does not include the footprint library 'keyboard-89_local'
    ; warning
    @(184.15 mm, 142.24 mm): Symbol D50 [1N4148W]
[lib_symbol_issues]: The current configuration does not include the symbol library 'keyboard-89_local'
    ; warning
    @(184.15 mm, 142.24 mm): Symbol D50 [1N4148W]
[footprint_link_issues]: The current configuration does not include the footprint library 'keyboard-89_local'
    ; warning
    @(184.15 mm, 172.72 mm): Symbol D51 [1N4148W]
[lib_symbol_issues]: The current configuration does not include the symbol library 'keyboard-89_local'
    ; warning
    @(184.15 mm, 172.72 mm): Symbol D51 [1N4148W]
[footprint_link_issues]: The current configuration does not include the footprint library 'keyboard-89_local'
    ; warning
    @(193.04 mm, 62.23 mm): Symbol TC-\*-L1 [TC-6601-5-160G]
[lib_symbol_issues]: The current configuration does not include the symbol library 'private_lib'
    ; warning
    @(193.04 mm, 62.23 mm): Symbol TC-\*-L1 [TC-6601-5-160G]
[footprint_link_issues]: The current configuration does not include the footprint library 'keyboard-89_local'
    ; warning
    @(193.04 mm, 92.71 mm): Symbol TC-P1 [TC-6601-5-160G]
[lib_symbol_issues]: The current configuration does not include the symbol library 'private_lib'
    ; warning
    @(193.04 mm, 92.71 mm): Symbol TC-P1 [TC-6601-5-160G]
[footprint_link_issues]: The current configuration does not include the footprint library 'keyboard-89_local'
    ; warning
    @(193.04 mm, 123.19 mm): Symbol TC-:;1 [TC-6601-5-160G]
[lib_symbol_issues]: The current configuration does not include the symbol library 'private_lib'
    ; warning
    @(193.04 mm, 123.19 mm): Symbol TC-:;1 [TC-6601-5-160G]
[footprint_link_issues]: The current configuration does not include the footprint library 'keyboard-89_local'
    ; warning
    @(193.04 mm, 153.67 mm): Symbol TC-？/1 [TC-6601-5-160G]
[lib_symbol_issues]: The current configuration does not include the symbol library 'private_lib'
    ; warning
    @(193.04 mm, 153.67 mm): Symbol TC-？/1 [TC-6601-5-160G]
[footprint_link_issues]: The current configuration does not include the footprint library 'keyboard-89_local'
    ; warning
    @(193.04 mm, 184.15 mm): Symbol TC-F3 [TC-6601-5-160G]
[lib_symbol_issues]: The current configuration does not include the symbol library 'private_lib'
    ; warning
    @(193.04 mm, 184.15 mm): Symbol TC-F3 [TC-6601-5-160G]
[footprint_link_issues]: The current configuration does not include the footprint library 'keyboard-89_local'
    ; warning
    @(198.12 mm, 50.80 mm): Symbol D52 [1N4148W]
[lib_symbol_issues]: The current configuration does not include the symbol library 'keyboard-89_local'
    ; warning
    @(198.12 mm, 50.80 mm): Symbol D52 [1N4148W]
[footprint_link_issues]: The current configuration does not include the footprint library 'keyboard-89_local'
    ; warning
    @(198.12 mm, 81.28 mm): Symbol D53 [1N4148W]
[lib_symbol_issues]: The current configuration does not include the symbol library 'keyboard-89_local'
    ; warning
    @(198.12 mm, 81.28 mm): Symbol D53 [1N4148W]
[footprint_link_issues]: The current configuration does not include the footprint library 'keyboard-89_local'
    ; warning
    @(198.12 mm, 111.76 mm): Symbol D54 [1N4148W]
[lib_symbol_issues]: The current configuration does not include the symbol library 'keyboard-89_local'
    ; warning
    @(198.12 mm, 111.76 mm): Symbol D54 [1N4148W]
[footprint_link_issues]: The current configuration does not include the footprint library 'keyboard-89_local'
    ; warning
    @(198.12 mm, 142.24 mm): Symbol D55 [1N4148W]
[lib_symbol_issues]: The current configuration does not include the symbol library 'keyboard-89_local'
    ; warning
    @(198.12 mm, 142.24 mm): Symbol D55 [1N4148W]
[footprint_link_issues]: The current configuration does not include the footprint library 'keyboard-89_local'
    ; warning
    @(198.12 mm, 172.72 mm): Symbol D56 [1N4148W]
[lib_symbol_issues]: The current configuration does not include the symbol library 'keyboard-89_local'
    ; warning
    @(198.12 mm, 172.72 mm): Symbol D56 [1N4148W]
[footprint_link_issues]: The current configuration does not include the footprint library 'keyboard-89_local'
    ; warning
    @(207.01 mm, 62.23 mm): Symbol TC-(1 [TC-6601-5-160G]
[lib_symbol_issues]: The current configuration does not include the symbol library 'private_lib'
    ; warning
    @(207.01 mm, 62.23 mm): Symbol TC-(1 [TC-6601-5-160G]
[footprint_link_issues]: The current configuration does not include the footprint library 'keyboard-89_local'
    ; warning
    @(207.01 mm, 92.71 mm): Symbol TC-{[1 [TC-6601-5-160G]
[lib_symbol_issues]: The current configuration does not include the symbol library 'private_lib'
    ; warning
    @(207.01 mm, 92.71 mm): Symbol TC-{[1 [TC-6601-5-160G]
[footprint_link_issues]: The current configuration does not include the footprint library 'keyboard-89_local'
    ; warning
    @(207.01 mm, 123.19 mm): Symbol TC-“‘1 [TC-6601-5-160G]
[lib_symbol_issues]: The current configuration does not include the symbol library 'private_lib'
    ; warning
    @(207.01 mm, 123.19 mm): Symbol TC-“‘1 [TC-6601-5-160G]
[footprint_link_issues]: The current configuration does not include the footprint library 'keyboard-89_local'
    ; warning
    @(207.01 mm, 153.67 mm): Symbol TC-shift-R1 [TC-6601-5-160G]
[lib_symbol_issues]: The current configuration does not include the symbol library 'private_lib'
    ; warning
    @(207.01 mm, 153.67 mm): Symbol TC-shift-R1 [TC-6601-5-160G]
[footprint_link_issues]: The current configuration does not include the footprint library 'keyboard-89_local'
    ; warning
    @(207.01 mm, 184.15 mm): Symbol TC-F4 [TC-6601-5-160G]
[lib_symbol_issues]: The current configuration does not include the symbol library 'private_lib'
    ; warning
    @(207.01 mm, 184.15 mm): Symbol TC-F4 [TC-6601-5-160G]
[footprint_link_issues]: The current configuration does not include the footprint library 'keyboard-89_local'
    ; warning
    @(212.09 mm, 50.80 mm): Symbol D57 [1N4148W]
[lib_symbol_issues]: The current configuration does not include the symbol library 'keyboard-89_local'
    ; warning
    @(212.09 mm, 50.80 mm): Symbol D57 [1N4148W]
[footprint_link_issues]: The current configuration does not include the footprint library 'keyboard-89_local'
    ; warning
    @(212.09 mm, 81.28 mm): Symbol D58 [1N4148W]
[lib_symbol_issues]: The current configuration does not include the symbol library 'keyboard-89_local'
    ; warning
    @(212.09 mm, 81.28 mm): Symbol D58 [1N4148W]
[footprint_link_issues]: The current configuration does not include the footprint library 'keyboard-89_local'
    ; warning
    @(212.09 mm, 111.76 mm): Symbol D59 [1N4148W]
[lib_symbol_issues]: The current configuration does not include the symbol library 'keyboard-89_local'
    ; warning
    @(212.09 mm, 111.76 mm): Symbol D59 [1N4148W]
[footprint_link_issues]: The current configuration does not include the footprint library 'keyboard-89_local'
    ; warning
    @(220.98 mm, 62.23 mm): Symbol TC-)1 [TC-6601-5-160G]
[lib_symbol_issues]: The current configuration does not include the symbol library 'private_lib'
    ; warning
    @(220.98 mm, 62.23 mm): Symbol TC-)1 [TC-6601-5-160G]
[footprint_link_issues]: The current configuration does not include the footprint library 'keyboard-89_local'
    ; warning
    @(220.98 mm, 92.71 mm): Symbol TC-}]1 [TC-6601-5-160G]
[lib_symbol_issues]: The current configuration does not include the symbol library 'private_lib'
    ; warning
    @(220.98 mm, 92.71 mm): Symbol TC-}]1 [TC-6601-5-160G]
[footprint_link_issues]: The current configuration does not include the footprint library 'keyboard-89_local'
    ; warning
    @(220.98 mm, 123.19 mm): Symbol TC-enter-L1 [TC-6601-5-160G]
[lib_symbol_issues]: The current configuration does not include the symbol library 'private_lib'
    ; warning
    @(220.98 mm, 123.19 mm): Symbol TC-enter-L1 [TC-6601-5-160G]
[footprint_link_issues]: The current configuration does not include the footprint library 'keyboard-89_local'
    ; warning
    @(226.06 mm, 50.80 mm): Symbol D60 [1N4148W]
[lib_symbol_issues]: The current configuration does not include the symbol library 'keyboard-89_local'
    ; warning
    @(226.06 mm, 50.80 mm): Symbol D60 [1N4148W]
[footprint_link_issues]: The current configuration does not include the footprint library 'keyboard-89_local'
    ; warning
    @(226.06 mm, 81.28 mm): Symbol D61 [1N4148W]
[lib_symbol_issues]: The current configuration does not include the symbol library 'keyboard-89_local'
    ; warning
    @(226.06 mm, 81.28 mm): Symbol D61 [1N4148W]
[footprint_link_issues]: The current configuration does not include the footprint library 'keyboard-89_local'
    ; warning
    @(234.95 mm, 62.23 mm): Symbol TC-—-1 [TC-6601-5-160G]
[lib_symbol_issues]: The current configuration does not include the symbol library 'private_lib'
    ; warning
    @(234.95 mm, 62.23 mm): Symbol TC-—-1 [TC-6601-5-160G]
[footprint_link_issues]: The current configuration does not include the footprint library 'keyboard-89_local'
    ; warning
    @(234.95 mm, 92.71 mm): Symbol TC-|\1 [TC-6601-5-160G]
[lib_symbol_issues]: The current configuration does not include the symbol library 'private_lib'
    ; warning
    @(234.95 mm, 92.71 mm): Symbol TC-|\1 [TC-6601-5-160G]
[footprint_link_issues]: The current configuration does not include the footprint library 'keyboard-89_local'
    ; warning
    @(240.03 mm, 50.80 mm): Symbol D62 [1N4148W]
[lib_symbol_issues]: The current configuration does not include the symbol library 'keyboard-89_local'
    ; warning
    @(240.03 mm, 50.80 mm): Symbol D62 [1N4148W]
[footprint_link_issues]: The current configuration does not include the footprint library 'keyboard-89_local'
    ; warning
    @(248.92 mm, 62.23 mm): Symbol TC-\+=1 [TC-6601-5-160G]
[lib_symbol_issues]: The current configuration does not include the symbol library 'private_lib'
    ; warning
    @(248.92 mm, 62.23 mm): Symbol TC-\+=1 [TC-6601-5-160G]
[footprint_link_issues]: The current configuration does not include the footprint library 'keyboard-89_local'
    ; warning
    @(256.54 mm, 50.80 mm): Symbol D63 [1N4148W]
[lib_symbol_issues]: The current configuration does not include the symbol library 'keyboard-89_local'
    ; warning
    @(256.54 mm, 50.80 mm): Symbol D63 [1N4148W]
[footprint_link_issues]: The current configuration does not include the footprint library 'keyboard-89_local'
    ; warning
    @(256.54 mm, 81.28 mm): Symbol D64 [1N4148W]
[lib_symbol_issues]: The current configuration does not include the symbol library 'keyboard-89_local'
    ; warning
    @(256.54 mm, 81.28 mm): Symbol D64 [1N4148W]
[footprint_link_issues]: The current configuration does not include the footprint library 'keyboard-89_local'
    ; warning
    @(256.54 mm, 172.72 mm): Symbol D65 [1N4148W]
[lib_symbol_issues]: The current configuration does not include the symbol library 'keyboard-89_local'
    ; warning
    @(256.54 mm, 172.72 mm): Symbol D65 [1N4148W]
[footprint_link_issues]: The current configuration does not include the footprint library 'keyboard-89_local'
    ; warning
    @(265.43 mm, 62.23 mm): Symbol TC-backspace1 [TC-6601-5-160G]
[lib_symbol_issues]: The current configuration does not include the symbol library 'private_lib'
    ; warning
    @(265.43 mm, 62.23 mm): Symbol TC-backspace1 [TC-6601-5-160G]
[footprint_link_issues]: The current configuration does not include the footprint library 'keyboard-89_local'
    ; warning
    @(265.43 mm, 92.71 mm): Symbol TC-printscreen1 [TC-6601-5-160G]
[lib_symbol_issues]: The current configuration does not include the symbol library 'private_lib'
    ; warning
    @(265.43 mm, 92.71 mm): Symbol TC-printscreen1 [TC-6601-5-160G]
[footprint_link_issues]: The current configuration does not include the footprint library 'keyboard-89_local'
    ; warning
    @(265.43 mm, 184.15 mm): Symbol TC-left1 [TC-6601-5-160G]
[lib_symbol_issues]: The current configuration does not include the symbol library 'private_lib'
    ; warning
    @(265.43 mm, 184.15 mm): Symbol TC-left1 [TC-6601-5-160G]
[footprint_link_issues]: The current configuration does not include the footprint library 'keyboard-89_local'
    ; warning
    @(270.51 mm, 50.80 mm): Symbol D66 [1N4148W]
[lib_symbol_issues]: The current configuration does not include the symbol library 'keyboard-89_local'
    ; warning
    @(270.51 mm, 50.80 mm): Symbol D66 [1N4148W]
[footprint_link_issues]: The current configuration does not include the footprint library 'keyboard-89_local'
    ; warning
    @(270.51 mm, 81.28 mm): Symbol D67 [1N4148W]
[lib_symbol_issues]: The current configuration does not include the symbol library 'keyboard-89_local'
    ; warning
    @(270.51 mm, 81.28 mm): Symbol D67 [1N4148W]
[footprint_link_issues]: The current configuration does not include the footprint library 'keyboard-89_local'
    ; warning
    @(270.51 mm, 111.76 mm): Symbol D68 [1N4148W]
[lib_symbol_issues]: The current configuration does not include the symbol library 'keyboard-89_local'
    ; warning
    @(270.51 mm, 111.76 mm): Symbol D68 [1N4148W]
[footprint_link_issues]: The current configuration does not include the footprint library 'keyboard-89_local'
    ; warning
    @(270.51 mm, 142.24 mm): Symbol D69 [1N4148W]
[lib_symbol_issues]: The current configuration does not include the symbol library 'keyboard-89_local'
    ; warning
    @(270.51 mm, 142.24 mm): Symbol D69 [1N4148W]
[footprint_link_issues]: The current configuration does not include the footprint library 'keyboard-89_local'
    ; warning
    @(270.51 mm, 172.72 mm): Symbol D70 [1N4148W]
[lib_symbol_issues]: The current configuration does not include the symbol library 'keyboard-89_local'
    ; warning
    @(270.51 mm, 172.72 mm): Symbol D70 [1N4148W]
[footprint_link_issues]: The current configuration does not include the footprint library 'keyboard-89_local'
    ; warning
    @(279.40 mm, 62.23 mm): Symbol TC-delete1 [TC-6601-5-160G]
[lib_symbol_issues]: The current configuration does not include the symbol library 'private_lib'
    ; warning
    @(279.40 mm, 62.23 mm): Symbol TC-delete1 [TC-6601-5-160G]
[footprint_link_issues]: The current configuration does not include the footprint library 'keyboard-89_local'
    ; warning
    @(279.40 mm, 92.71 mm): Symbol TC-home1 [TC-6601-5-160G]
[lib_symbol_issues]: The current configuration does not include the symbol library 'private_lib'
    ; warning
    @(279.40 mm, 92.71 mm): Symbol TC-home1 [TC-6601-5-160G]
[footprint_link_issues]: The current configuration does not include the footprint library 'keyboard-89_local'
    ; warning
    @(279.40 mm, 123.19 mm): Symbol TC-end1 [TC-6601-5-160G]
[lib_symbol_issues]: The current configuration does not include the symbol library 'private_lib'
    ; warning
    @(279.40 mm, 123.19 mm): Symbol TC-end1 [TC-6601-5-160G]
[footprint_link_issues]: The current configuration does not include the footprint library 'keyboard-89_local'
    ; warning
    @(279.40 mm, 153.67 mm): Symbol TC-top1 [TC-6601-5-160G]
[lib_symbol_issues]: The current configuration does not include the symbol library 'private_lib'
    ; warning
    @(279.40 mm, 153.67 mm): Symbol TC-top1 [TC-6601-5-160G]
[footprint_link_issues]: The current configuration does not include the footprint library 'keyboard-89_local'
    ; warning
    @(279.40 mm, 184.15 mm): Symbol TC-bottom1 [TC-6601-5-160G]
[lib_symbol_issues]: The current configuration does not include the symbol library 'private_lib'
    ; warning
    @(279.40 mm, 184.15 mm): Symbol TC-bottom1 [TC-6601-5-160G]
[footprint_link_issues]: The current configuration does not include the footprint library 'keyboard-89_local'
    ; warning
    @(284.48 mm, 81.28 mm): Symbol D71 [1N4148W]
[lib_symbol_issues]: The current configuration does not include the symbol library 'keyboard-89_local'
    ; warning
    @(284.48 mm, 81.28 mm): Symbol D71 [1N4148W]
[footprint_link_issues]: The current configuration does not include the footprint library 'keyboard-89_local'
    ; warning
    @(284.48 mm, 111.76 mm): Symbol D72 [1N4148W]
[lib_symbol_issues]: The current configuration does not include the symbol library 'keyboard-89_local'
    ; warning
    @(284.48 mm, 111.76 mm): Symbol D72 [1N4148W]
[footprint_link_issues]: The current configuration does not include the footprint library 'keyboard-89_local'
    ; warning
    @(284.48 mm, 172.72 mm): Symbol D73 [1N4148W]
[lib_symbol_issues]: The current configuration does not include the symbol library 'keyboard-89_local'
    ; warning
    @(284.48 mm, 172.72 mm): Symbol D73 [1N4148W]
[footprint_link_issues]: The current configuration does not include the footprint library 'keyboard-89_local'
    ; warning
    @(293.37 mm, 92.71 mm): Symbol TC-pageup1 [TC-6601-5-160G]
[lib_symbol_issues]: The current configuration does not include the symbol library 'private_lib'
    ; warning
    @(293.37 mm, 92.71 mm): Symbol TC-pageup1 [TC-6601-5-160G]
[footprint_link_issues]: The current configuration does not include the footprint library 'keyboard-89_local'
    ; warning
    @(293.37 mm, 123.19 mm): Symbol TC-pagedown1 [TC-6601-5-160G]
[lib_symbol_issues]: The current configuration does not include the symbol library 'private_lib'
    ; warning
    @(293.37 mm, 123.19 mm): Symbol TC-pagedown1 [TC-6601-5-160G]
[footprint_link_issues]: The current configuration does not include the footprint library 'keyboard-89_local'
    ; warning
    @(293.37 mm, 184.15 mm): Symbol TC-right1 [TC-6601-5-160G]
[lib_symbol_issues]: The current configuration does not include the symbol library 'private_lib'
    ; warning
    @(293.37 mm, 184.15 mm): Symbol TC-right1 [TC-6601-5-160G]
[footprint_link_issues]: The current configuration does not include the footprint library 'keyboard-89_local'
    ; warning
    @(308.61 mm, 50.80 mm): Symbol D74 [1N4148W]
[lib_symbol_issues]: The current configuration does not include the symbol library 'keyboard-89_local'
    ; warning
    @(308.61 mm, 50.80 mm): Symbol D74 [1N4148W]
[footprint_link_issues]: The current configuration does not include the footprint library 'keyboard-89_local'
    ; warning
    @(308.61 mm, 81.28 mm): Symbol D75 [1N4148W]
[lib_symbol_issues]: The current configuration does not include the symbol library 'keyboard-89_local'
    ; warning
    @(308.61 mm, 81.28 mm): Symbol D75 [1N4148W]
[footprint_link_issues]: The current configuration does not include the footprint library 'keyboard-89_local'
    ; warning
    @(308.61 mm, 111.76 mm): Symbol D76 [1N4148W]
[lib_symbol_issues]: The current configuration does not include the symbol library 'keyboard-89_local'
    ; warning
    @(308.61 mm, 111.76 mm): Symbol D76 [1N4148W]
[footprint_link_issues]: The current configuration does not include the footprint library 'keyboard-89_local'
    ; warning
    @(308.61 mm, 142.24 mm): Symbol D77 [1N4148W]
[lib_symbol_issues]: The current configuration does not include the symbol library 'keyboard-89_local'
    ; warning
    @(308.61 mm, 142.24 mm): Symbol D77 [1N4148W]
[footprint_link_issues]: The current configuration does not include the footprint library 'keyboard-89_local'
    ; warning
    @(308.61 mm, 172.72 mm): Symbol D78 [1N4148W]
[lib_symbol_issues]: The current configuration does not include the symbol library 'keyboard-89_local'
    ; warning
    @(308.61 mm, 172.72 mm): Symbol D78 [1N4148W]
[footprint_link_issues]: The current configuration does not include the footprint library 'keyboard-89_local'
    ; warning
    @(317.50 mm, 62.23 mm): Symbol TC-\+1 [TC-6601-5-160G]
[lib_symbol_issues]: The current configuration does not include the symbol library 'private_lib'
    ; warning
    @(317.50 mm, 62.23 mm): Symbol TC-\+1 [TC-6601-5-160G]
[footprint_link_issues]: The current configuration does not include the footprint library 'keyboard-89_local'
    ; warning
    @(317.50 mm, 92.71 mm): Symbol TC-1 [TC-6601-5-160G]
[lib_symbol_issues]: The current configuration does not include the symbol library 'private_lib'
    ; warning
    @(317.50 mm, 92.71 mm): Symbol TC-1 [TC-6601-5-160G]
[footprint_link_issues]: The current configuration does not include the footprint library 'keyboard-89_local'
    ; warning
    @(317.50 mm, 123.19 mm): Symbol TC-2 [TC-6601-5-160G]
[lib_symbol_issues]: The current configuration does not include the symbol library 'private_lib'
    ; warning
    @(317.50 mm, 123.19 mm): Symbol TC-2 [TC-6601-5-160G]
[footprint_link_issues]: The current configuration does not include the footprint library 'keyboard-89_local'
    ; warning
    @(317.50 mm, 153.67 mm): Symbol TC-3 [TC-6601-5-160G]
[lib_symbol_issues]: The current configuration does not include the symbol library 'private_lib'
    ; warning
    @(317.50 mm, 153.67 mm): Symbol TC-3 [TC-6601-5-160G]
[footprint_link_issues]: The current configuration does not include the footprint library 'keyboard-89_local'
    ; warning
    @(317.50 mm, 184.15 mm): Symbol TC-4 [TC-6601-5-160G]
[lib_symbol_issues]: The current configuration does not include the symbol library 'private_lib'
    ; warning
    @(317.50 mm, 184.15 mm): Symbol TC-4 [TC-6601-5-160G]
[footprint_link_issues]: The current configuration does not include the footprint library 'keyboard-89_local'
    ; warning
    @(322.58 mm, 50.80 mm): Symbol D79 [1N4148W]
[lib_symbol_issues]: The current configuration does not include the symbol library 'keyboard-89_local'
    ; warning
    @(322.58 mm, 50.80 mm): Symbol D79 [1N4148W]
[footprint_link_issues]: The current configuration does not include the footprint library 'keyboard-89_local'
    ; warning
    @(322.58 mm, 81.28 mm): Symbol D80 [1N4148W]
[lib_symbol_issues]: The current configuration does not include the symbol library 'keyboard-89_local'
    ; warning
    @(322.58 mm, 81.28 mm): Symbol D80 [1N4148W]
[footprint_link_issues]: The current configuration does not include the footprint library 'keyboard-89_local'
    ; warning
    @(322.58 mm, 111.76 mm): Symbol D81 [1N4148W]
[lib_symbol_issues]: The current configuration does not include the symbol library 'keyboard-89_local'
    ; warning
    @(322.58 mm, 111.76 mm): Symbol D81 [1N4148W]
[footprint_link_issues]: The current configuration does not include the footprint library 'keyboard-89_local'
    ; warning
    @(322.58 mm, 142.24 mm): Symbol D82 [1N4148W]
[lib_symbol_issues]: The current configuration does not include the symbol library 'keyboard-89_local'
    ; warning
    @(322.58 mm, 142.24 mm): Symbol D82 [1N4148W]
[footprint_link_issues]: The current configuration does not include the footprint library 'keyboard-89_local'
    ; warning
    @(322.58 mm, 172.72 mm): Symbol D83 [1N4148W]
[lib_symbol_issues]: The current configuration does not include the symbol library 'keyboard-89_local'
    ; warning
    @(322.58 mm, 172.72 mm): Symbol D83 [1N4148W]
[footprint_link_issues]: The current configuration does not include the footprint library 'keyboard-89_local'
    ; warning
    @(331.47 mm, 62.23 mm): Symbol TC-\-1 [TC-6601-5-160G]
[lib_symbol_issues]: The current configuration does not include the symbol library 'private_lib'
    ; warning
    @(331.47 mm, 62.23 mm): Symbol TC-\-1 [TC-6601-5-160G]
[footprint_link_issues]: The current configuration does not include the footprint library 'keyboard-89_local'
    ; warning
    @(331.47 mm, 92.71 mm): Symbol TC-5 [TC-6601-5-160G]
[lib_symbol_issues]: The current configuration does not include the symbol library 'private_lib'
    ; warning
    @(331.47 mm, 92.71 mm): Symbol TC-5 [TC-6601-5-160G]
[footprint_link_issues]: The current configuration does not include the footprint library 'keyboard-89_local'
    ; warning
    @(331.47 mm, 123.19 mm): Symbol TC-6 [TC-6601-5-160G]
[lib_symbol_issues]: The current configuration does not include the symbol library 'private_lib'
    ; warning
    @(331.47 mm, 123.19 mm): Symbol TC-6 [TC-6601-5-160G]
[footprint_link_issues]: The current configuration does not include the footprint library 'keyboard-89_local'
    ; warning
    @(331.47 mm, 153.67 mm): Symbol TC-7 [TC-6601-5-160G]
[lib_symbol_issues]: The current configuration does not include the symbol library 'private_lib'
    ; warning
    @(331.47 mm, 153.67 mm): Symbol TC-7 [TC-6601-5-160G]
[footprint_link_issues]: The current configuration does not include the footprint library 'keyboard-89_local'
    ; warning
    @(331.47 mm, 184.15 mm): Symbol TC-\.1 [TC-6601-5-160G]
[lib_symbol_issues]: The current configuration does not include the symbol library 'private_lib'
    ; warning
    @(331.47 mm, 184.15 mm): Symbol TC-\.1 [TC-6601-5-160G]
[footprint_link_issues]: The current configuration does not include the footprint library 'keyboard-89_local'
    ; warning
    @(336.55 mm, 50.80 mm): Symbol D84 [1N4148W]
[lib_symbol_issues]: The current configuration does not include the symbol library 'keyboard-89_local'
    ; warning
    @(336.55 mm, 50.80 mm): Symbol D84 [1N4148W]
[footprint_link_issues]: The current configuration does not include the footprint library 'keyboard-89_local'
    ; warning
    @(336.55 mm, 81.28 mm): Symbol D85 [1N4148W]
[lib_symbol_issues]: The current configuration does not include the symbol library 'keyboard-89_local'
    ; warning
    @(336.55 mm, 81.28 mm): Symbol D85 [1N4148W]
[footprint_link_issues]: The current configuration does not include the footprint library 'keyboard-89_local'
    ; warning
    @(336.55 mm, 111.76 mm): Symbol D86 [1N4148W]
[lib_symbol_issues]: The current configuration does not include the symbol library 'keyboard-89_local'
    ; warning
    @(336.55 mm, 111.76 mm): Symbol D86 [1N4148W]
[footprint_link_issues]: The current configuration does not include the footprint library 'keyboard-89_local'
    ; warning
    @(336.55 mm, 142.24 mm): Symbol D87 [1N4148W]
[lib_symbol_issues]: The current configuration does not include the symbol library 'keyboard-89_local'
    ; warning
    @(336.55 mm, 142.24 mm): Symbol D87 [1N4148W]
[footprint_link_issues]: The current configuration does not include the footprint library 'keyboard-89_local'
    ; warning
    @(345.44 mm, 62.23 mm): Symbol TC-\*-R1 [TC-6601-5-160G]
[lib_symbol_issues]: The current configuration does not include the symbol library 'private_lib'
    ; warning
    @(345.44 mm, 62.23 mm): Symbol TC-\*-R1 [TC-6601-5-160G]
[footprint_link_issues]: The current configuration does not include the footprint library 'keyboard-89_local'
    ; warning
    @(345.44 mm, 92.71 mm): Symbol TC-8 [TC-6601-5-160G]
[lib_symbol_issues]: The current configuration does not include the symbol library 'private_lib'
    ; warning
    @(345.44 mm, 92.71 mm): Symbol TC-8 [TC-6601-5-160G]
[footprint_link_issues]: The current configuration does not include the footprint library 'keyboard-89_local'
    ; warning
    @(345.44 mm, 123.19 mm): Symbol TC-9 [TC-6601-5-160G]
[lib_symbol_issues]: The current configuration does not include the symbol library 'private_lib'
    ; warning
    @(345.44 mm, 123.19 mm): Symbol TC-9 [TC-6601-5-160G]
[footprint_link_issues]: The current configuration does not include the footprint library 'keyboard-89_local'
    ; warning
    @(345.44 mm, 153.67 mm): Symbol TC-10 [TC-6601-5-160G]
[lib_symbol_issues]: The current configuration does not include the symbol library 'private_lib'
    ; warning
    @(345.44 mm, 153.67 mm): Symbol TC-10 [TC-6601-5-160G]
[footprint_link_issues]: The current configuration does not include the footprint library 'keyboard-89_local'
    ; warning
    @(350.52 mm, 50.80 mm): Symbol D88 [1N4148W]
[lib_symbol_issues]: The current configuration does not include the symbol library 'keyboard-89_local'
    ; warning
    @(350.52 mm, 50.80 mm): Symbol D88 [1N4148W]
[footprint_link_issues]: The current configuration does not include the footprint library 'keyboard-89_local'
    ; warning
    @(350.52 mm, 81.28 mm): Symbol D89 [1N4148W]
[lib_symbol_issues]: The current configuration does not include the symbol library 'keyboard-89_local'
    ; warning
    @(350.52 mm, 81.28 mm): Symbol D89 [1N4148W]
[footprint_link_issues]: The current configuration does not include the footprint library 'keyboard-89_local'
    ; warning
    @(359.41 mm, 62.23 mm): Symbol TC-\/1 [TC-6601-5-160G]
[lib_symbol_issues]: The current configuration does not include the symbol library 'private_lib'
    ; warning
    @(359.41 mm, 62.23 mm): Symbol TC-\/1 [TC-6601-5-160G]
[footprint_link_issues]: The current configuration does not include the footprint library 'keyboard-89_local'
    ; warning
    @(359.41 mm, 92.71 mm): Symbol TC-enter-R1 [TC-6601-5-160G]
[lib_symbol_issues]: The current configuration does not include the symbol library 'private_lib'
    ; warning
    @(359.41 mm, 92.71 mm): Symbol TC-enter-R1 [TC-6601-5-160G]

 ** ERC messages: 356  Errors 0  Warnings 356

 ** Ignored checks:
    - Global label only appears once in the schematic
    - Four connection points are joined together
    - SPICE model issue
    - Assigned footprint doesn't match footprint filters
