ERC report (2026-08-30T16:54:43, Encoding UTF8)
Report includes: Errors, Warnings

***** Sheet /
[label_dangling]: Label not connected
    ; error
    @(53.34 mm, 240.03 mm): Label 'XIN'
[label_dangling]: Label not connected
    ; error
    @(74.93 mm, 229.87 mm): Label 'XOUT'
[label_dangling]: Label not connected
    ; error
    @(92.71 mm, 194.31 mm): Label 'SWD'
[label_dangling]: Label not connected
    ; error
    @(139.70 mm, 180.34 mm): Global Label 'D-'
[label_dangling]: Label not connected
    ; error
    @(139.70 mm, 184.15 mm): Global Label 'D+'
[label_dangling]: Label not connected
    ; error
    @(139.70 mm, 234.95 mm): Label 'SWCLK'
[label_dangling]: Label not connected
    ; error
    @(224.79 mm, 118.11 mm): Global Label '1V1'
[label_dangling]: Label not connected
    ; error
    @(265.43 mm, 186.69 mm): Global Label '3V3'
[label_dangling]: Label not connected
    ; error
    @(271.78 mm, 31.75 mm): Global Label '0'
[label_dangling]: Label not connected
    ; error
    @(308.61 mm, 198.12 mm): Label 'RUN'
[isolated_pin_label]: Label connected to only one pin
    ; warning
    @(177.80 mm, 130.81 mm): Global Label 'D-'
[isolated_pin_label]: Label connected to only one pin
    ; warning
    @(177.80 mm, 147.32 mm): Global Label 'D+'
[isolated_pin_label]: Label connected to only one pin
    ; warning
    @(193.04 mm, 107.95 mm): Global Label 'QSPI_CSn'
[isolated_pin_label]: Label connected to only one pin
    ; warning
    @(193.04 mm, 113.03 mm): Global Label 'QSPI_SCLK'
[isolated_pin_label]: Label connected to only one pin
    ; warning
    @(226.06 mm, 107.95 mm): Global Label 'QSPI_SD1'
[isolated_pin_label]: Label connected to only one pin
    ; warning
    @(226.06 mm, 113.03 mm): Global Label 'QSPI_SD2'
[isolated_pin_label]: Label connected to only one pin
    ; warning
    @(226.06 mm, 118.11 mm): Global Label 'QSPI_SD0'
[isolated_pin_label]: Label connected to only one pin
    ; warning
    @(226.06 mm, 123.19 mm): Global Label 'QSPI_SD3'
[lib_symbol_mismatch]: Symbol 'TC-6601-5-160G' doesn't match copy in library 'keyboard-89_local'
    ; warning
    @(53.34 mm, 62.23 mm): Symbol TC-esc1 [TC-6601-5-160G]
[lib_symbol_mismatch]: Symbol 'TC-6601-5-160G' doesn't match copy in library 'keyboard-89_local'
    ; warning
    @(53.34 mm, 92.71 mm): Symbol TC-tab1 [TC-6601-5-160G]
[lib_symbol_mismatch]: Symbol 'TC-6601-5-160G' doesn't match copy in library 'keyboard-89_local'
    ; warning
    @(53.34 mm, 123.19 mm): Symbol TC-capslock1 [TC-6601-5-160G]
[lib_symbol_mismatch]: Symbol 'TC-6601-5-160G' doesn't match copy in library 'keyboard-89_local'
    ; warning
    @(53.34 mm, 153.67 mm): Symbol TC-shift-L1 [TC-6601-5-160G]
[lib_symbol_mismatch]: Symbol 'TC-6601-5-160G' doesn't match copy in library 'keyboard-89_local'
    ; warning
    @(53.34 mm, 184.15 mm): Symbol TC-ctrl1 [TC-6601-5-160G]
[lib_symbol_mismatch]: Symbol 'TC-6601-5-160G' doesn't match copy in library 'keyboard-89_local'
    ; warning
    @(67.31 mm, 62.23 mm): Symbol TC-～1 [TC-6601-5-160G]
[lib_symbol_mismatch]: Symbol 'TC-6601-5-160G' doesn't match copy in library 'keyboard-89_local'
    ; warning
    @(67.31 mm, 92.71 mm): Symbol TC-Q1 [TC-6601-5-160G]
[lib_symbol_mismatch]: Symbol 'TC-6601-5-160G' doesn't match copy in library 'keyboard-89_local'
    ; warning
    @(67.31 mm, 123.19 mm): Symbol TC-A1 [TC-6601-5-160G]
[lib_symbol_mismatch]: Symbol 'TC-6601-5-160G' doesn't match copy in library 'keyboard-89_local'
    ; warning
    @(67.31 mm, 153.67 mm): Symbol TC-Z1 [TC-6601-5-160G]
[lib_symbol_mismatch]: Symbol 'TC-6601-5-160G' doesn't match copy in library 'keyboard-89_local'
    ; warning
    @(67.31 mm, 184.15 mm): Symbol TC-windows1 [TC-6601-5-160G]
[lib_symbol_mismatch]: Symbol 'TC-6601-5-160G' doesn't match copy in library 'keyboard-89_local'
    ; warning
    @(81.28 mm, 62.23 mm): Symbol TC-`1 [TC-6601-5-160G]
[lib_symbol_mismatch]: Symbol 'TC-6601-5-160G' doesn't match copy in library 'keyboard-89_local'
    ; warning
    @(81.28 mm, 92.71 mm): Symbol TC-W1 [TC-6601-5-160G]
[lib_symbol_mismatch]: Symbol 'TC-6601-5-160G' doesn't match copy in library 'keyboard-89_local'
    ; warning
    @(81.28 mm, 123.19 mm): Symbol TC-S1 [TC-6601-5-160G]
[lib_symbol_mismatch]: Symbol 'TC-6601-5-160G' doesn't match copy in library 'keyboard-89_local'
    ; warning
    @(81.28 mm, 153.67 mm): Symbol TC-X1 [TC-6601-5-160G]
[lib_symbol_mismatch]: Symbol 'TC-6601-5-160G' doesn't match copy in library 'keyboard-89_local'
    ; warning
    @(81.28 mm, 184.15 mm): Symbol TC-alt1 [TC-6601-5-160G]
[lib_symbol_mismatch]: Symbol 'TC-6601-5-160G' doesn't match copy in library 'keyboard-89_local'
    ; warning
    @(95.25 mm, 62.23 mm): Symbol TC-!1 [TC-6601-5-160G]
[lib_symbol_mismatch]: Symbol 'TC-6601-5-160G' doesn't match copy in library 'keyboard-89_local'
    ; warning
    @(95.25 mm, 92.71 mm): Symbol TC-E1 [TC-6601-5-160G]
[lib_symbol_mismatch]: Symbol 'TC-6601-5-160G' doesn't match copy in library 'keyboard-89_local'
    ; warning
    @(95.25 mm, 123.19 mm): Symbol TC-D1 [TC-6601-5-160G]
[lib_symbol_mismatch]: Symbol 'TC-6601-5-160G' doesn't match copy in library 'keyboard-89_local'
    ; warning
    @(95.25 mm, 153.67 mm): Symbol TC-C1 [TC-6601-5-160G]
[lib_symbol_mismatch]: Symbol 'TC-6601-5-160G' doesn't match copy in library 'keyboard-89_local'
    ; warning
    @(109.22 mm, 62.23 mm): Symbol TC-@1 [TC-6601-5-160G]
[lib_symbol_mismatch]: Symbol 'TC-6601-5-160G' doesn't match copy in library 'keyboard-89_local'
    ; warning
    @(109.22 mm, 92.71 mm): Symbol TC-R1 [TC-6601-5-160G]
[lib_symbol_mismatch]: Symbol 'TC-6601-5-160G' doesn't match copy in library 'keyboard-89_local'
    ; warning
    @(109.22 mm, 123.19 mm): Symbol TC-F1 [TC-6601-5-160G]
[lib_symbol_mismatch]: Symbol 'TC-6601-5-160G' doesn't match copy in library 'keyboard-89_local'
    ; warning
    @(109.22 mm, 153.67 mm): Symbol TC-V1 [TC-6601-5-160G]
[lib_symbol_mismatch]: Symbol 'TC-6601-5-160G' doesn't match copy in library 'keyboard-89_local'
    ; warning
    @(123.19 mm, 62.23 mm): Symbol TC-\#1 [TC-6601-5-160G]
[lib_symbol_mismatch]: Symbol 'TC-6601-5-160G' doesn't match copy in library 'keyboard-89_local'
    ; warning
    @(123.19 mm, 92.71 mm): Symbol TC-T1 [TC-6601-5-160G]
[lib_symbol_mismatch]: Symbol 'TC-6601-5-160G' doesn't match copy in library 'keyboard-89_local'
    ; warning
    @(123.19 mm, 123.19 mm): Symbol TC-G1 [TC-6601-5-160G]
[lib_symbol_mismatch]: Symbol 'TC-6601-5-160G' doesn't match copy in library 'keyboard-89_local'
    ; warning
    @(123.19 mm, 153.67 mm): Symbol TC-B1 [TC-6601-5-160G]
[lib_symbol_mismatch]: Symbol 'TC-6601-5-160G' doesn't match copy in library 'keyboard-89_local'
    ; warning
    @(123.19 mm, 184.15 mm): Symbol TC-blankspace1 [TC-6601-5-160G]
[lib_symbol_mismatch]: Symbol 'TC-6601-5-160G' doesn't match copy in library 'keyboard-89_local'
    ; warning
    @(137.16 mm, 62.23 mm): Symbol TC-\$1 [TC-6601-5-160G]
[lib_symbol_mismatch]: Symbol 'TC-6601-5-160G' doesn't match copy in library 'keyboard-89_local'
    ; warning
    @(137.16 mm, 92.71 mm): Symbol TC-Y1 [TC-6601-5-160G]
[lib_symbol_mismatch]: Symbol 'TC-6601-5-160G' doesn't match copy in library 'keyboard-89_local'
    ; warning
    @(137.16 mm, 123.19 mm): Symbol TC-H1 [TC-6601-5-160G]
[lib_symbol_mismatch]: Symbol 'TC-6601-5-160G' doesn't match copy in library 'keyboard-89_local'
    ; warning
    @(137.16 mm, 153.67 mm): Symbol TC-N1 [TC-6601-5-160G]
[lib_symbol_mismatch]: Symbol 'TC-6601-5-160G' doesn't match copy in library 'keyboard-89_local'
    ; warning
    @(151.13 mm, 62.23 mm): Symbol TC-\%1 [TC-6601-5-160G]
[lib_symbol_mismatch]: Symbol 'TC-6601-5-160G' doesn't match copy in library 'keyboard-89_local'
    ; warning
    @(151.13 mm, 92.71 mm): Symbol TC-U1 [TC-6601-5-160G]
[lib_symbol_mismatch]: Symbol 'TC-6601-5-160G' doesn't match copy in library 'keyboard-89_local'
    ; warning
    @(151.13 mm, 123.19 mm): Symbol TC-J1 [TC-6601-5-160G]
[lib_symbol_mismatch]: Symbol 'TC-6601-5-160G' doesn't match copy in library 'keyboard-89_local'
    ; warning
    @(151.13 mm, 153.67 mm): Symbol TC-M1 [TC-6601-5-160G]
[lib_symbol_mismatch]: Symbol 'TC-6601-5-160G' doesn't match copy in library 'keyboard-89_local'
    ; warning
    @(165.10 mm, 62.23 mm): Symbol TC-^1 [TC-6601-5-160G]
[lib_symbol_mismatch]: Symbol 'TC-6601-5-160G' doesn't match copy in library 'keyboard-89_local'
    ; warning
    @(165.10 mm, 92.71 mm): Symbol TC-I1 [TC-6601-5-160G]
[lib_symbol_mismatch]: Symbol 'TC-6601-5-160G' doesn't match copy in library 'keyboard-89_local'
    ; warning
    @(165.10 mm, 123.19 mm): Symbol TC-K1 [TC-6601-5-160G]
[lib_symbol_mismatch]: Symbol 'TC-6601-5-160G' doesn't match copy in library 'keyboard-89_local'
    ; warning
    @(165.10 mm, 153.67 mm): Symbol TC-\<,1 [TC-6601-5-160G]
[lib_symbol_mismatch]: Symbol 'TC-6601-5-160G' doesn't match copy in library 'keyboard-89_local'
    ; warning
    @(165.10 mm, 184.15 mm): Symbol TC-F(0-9)1 [TC-6601-5-160G]
[lib_symbol_mismatch]: Symbol 'TC-6601-5-160G' doesn't match copy in library 'keyboard-89_local'
    ; warning
    @(179.07 mm, 62.23 mm): Symbol TC-\&1 [TC-6601-5-160G]
[lib_symbol_mismatch]: Symbol 'TC-6601-5-160G' doesn't match copy in library 'keyboard-89_local'
    ; warning
    @(179.07 mm, 92.71 mm): Symbol TC-O1 [TC-6601-5-160G]
[lib_symbol_mismatch]: Symbol 'TC-6601-5-160G' doesn't match copy in library 'keyboard-89_local'
    ; warning
    @(179.07 mm, 123.19 mm): Symbol TC-L1 [TC-6601-5-160G]
[lib_symbol_mismatch]: Symbol 'TC-6601-5-160G' doesn't match copy in library 'keyboard-89_local'
    ; warning
    @(179.07 mm, 153.67 mm): Symbol TC-\>.1 [TC-6601-5-160G]
[lib_symbol_mismatch]: Symbol 'TC-6601-5-160G' doesn't match copy in library 'keyboard-89_local'
    ; warning
    @(179.07 mm, 184.15 mm): Symbol TC-F2 [TC-6601-5-160G]
[lib_symbol_mismatch]: Symbol 'TC-6601-5-160G' doesn't match copy in library 'keyboard-89_local'
    ; warning
    @(193.04 mm, 62.23 mm): Symbol TC-\*-L1 [TC-6601-5-160G]
[lib_symbol_mismatch]: Symbol 'TC-6601-5-160G' doesn't match copy in library 'keyboard-89_local'
    ; warning
    @(193.04 mm, 92.71 mm): Symbol TC-P1 [TC-6601-5-160G]
[lib_symbol_mismatch]: Symbol 'TC-6601-5-160G' doesn't match copy in library 'keyboard-89_local'
    ; warning
    @(193.04 mm, 123.19 mm): Symbol TC-:;1 [TC-6601-5-160G]
[lib_symbol_mismatch]: Symbol 'TC-6601-5-160G' doesn't match copy in library 'keyboard-89_local'
    ; warning
    @(193.04 mm, 153.67 mm): Symbol TC-？/1 [TC-6601-5-160G]
[lib_symbol_mismatch]: Symbol 'TC-6601-5-160G' doesn't match copy in library 'keyboard-89_local'
    ; warning
    @(193.04 mm, 184.15 mm): Symbol TC-F3 [TC-6601-5-160G]
[lib_symbol_mismatch]: Symbol 'TC-6601-5-160G' doesn't match copy in library 'keyboard-89_local'
    ; warning
    @(207.01 mm, 62.23 mm): Symbol TC-(1 [TC-6601-5-160G]
[lib_symbol_mismatch]: Symbol 'TC-6601-5-160G' doesn't match copy in library 'keyboard-89_local'
    ; warning
    @(207.01 mm, 92.71 mm): Symbol TC-{[1 [TC-6601-5-160G]
[lib_symbol_mismatch]: Symbol 'TC-6601-5-160G' doesn't match copy in library 'keyboard-89_local'
    ; warning
    @(207.01 mm, 123.19 mm): Symbol TC-“‘1 [TC-6601-5-160G]
[lib_symbol_mismatch]: Symbol 'TC-6601-5-160G' doesn't match copy in library 'keyboard-89_local'
    ; warning
    @(207.01 mm, 153.67 mm): Symbol TC-shift-R1 [TC-6601-5-160G]
[lib_symbol_mismatch]: Symbol 'TC-6601-5-160G' doesn't match copy in library 'keyboard-89_local'
    ; warning
    @(207.01 mm, 184.15 mm): Symbol TC-F4 [TC-6601-5-160G]
[lib_symbol_mismatch]: Symbol 'TC-6601-5-160G' doesn't match copy in library 'keyboard-89_local'
    ; warning
    @(220.98 mm, 62.23 mm): Symbol TC-)1 [TC-6601-5-160G]
[lib_symbol_mismatch]: Symbol 'TC-6601-5-160G' doesn't match copy in library 'keyboard-89_local'
    ; warning
    @(220.98 mm, 92.71 mm): Symbol TC-}]1 [TC-6601-5-160G]
[lib_symbol_mismatch]: Symbol 'TC-6601-5-160G' doesn't match copy in library 'keyboard-89_local'
    ; warning
    @(220.98 mm, 123.19 mm): Symbol TC-enter-L1 [TC-6601-5-160G]
[lib_symbol_mismatch]: Symbol 'TC-6601-5-160G' doesn't match copy in library 'keyboard-89_local'
    ; warning
    @(234.95 mm, 62.23 mm): Symbol TC-—-1 [TC-6601-5-160G]
[lib_symbol_mismatch]: Symbol 'TC-6601-5-160G' doesn't match copy in library 'keyboard-89_local'
    ; warning
    @(234.95 mm, 92.71 mm): Symbol TC-|\1 [TC-6601-5-160G]
[lib_symbol_mismatch]: Symbol 'TC-6601-5-160G' doesn't match copy in library 'keyboard-89_local'
    ; warning
    @(248.92 mm, 62.23 mm): Symbol TC-\+=1 [TC-6601-5-160G]
[lib_symbol_mismatch]: Symbol 'TC-6601-5-160G' doesn't match copy in library 'keyboard-89_local'
    ; warning
    @(265.43 mm, 62.23 mm): Symbol TC-backspace1 [TC-6601-5-160G]
[lib_symbol_mismatch]: Symbol 'TC-6601-5-160G' doesn't match copy in library 'keyboard-89_local'
    ; warning
    @(265.43 mm, 92.71 mm): Symbol TC-printscreen1 [TC-6601-5-160G]
[lib_symbol_mismatch]: Symbol 'TC-6601-5-160G' doesn't match copy in library 'keyboard-89_local'
    ; warning
    @(265.43 mm, 184.15 mm): Symbol TC-left1 [TC-6601-5-160G]
[lib_symbol_mismatch]: Symbol 'TC-6601-5-160G' doesn't match copy in library 'keyboard-89_local'
    ; warning
    @(279.40 mm, 62.23 mm): Symbol TC-delete1 [TC-6601-5-160G]
[lib_symbol_mismatch]: Symbol 'TC-6601-5-160G' doesn't match copy in library 'keyboard-89_local'
    ; warning
    @(279.40 mm, 92.71 mm): Symbol TC-home1 [TC-6601-5-160G]
[lib_symbol_mismatch]: Symbol 'TC-6601-5-160G' doesn't match copy in library 'keyboard-89_local'
    ; warning
    @(279.40 mm, 123.19 mm): Symbol TC-end1 [TC-6601-5-160G]
[lib_symbol_mismatch]: Symbol 'TC-6601-5-160G' doesn't match copy in library 'keyboard-89_local'
    ; warning
    @(279.40 mm, 153.67 mm): Symbol TC-top1 [TC-6601-5-160G]
[lib_symbol_mismatch]: Symbol 'TC-6601-5-160G' doesn't match copy in library 'keyboard-89_local'
    ; warning
    @(279.40 mm, 184.15 mm): Symbol TC-bottom1 [TC-6601-5-160G]
[lib_symbol_mismatch]: Symbol 'TC-6601-5-160G' doesn't match copy in library 'keyboard-89_local'
    ; warning
    @(293.37 mm, 92.71 mm): Symbol TC-pageup1 [TC-6601-5-160G]
[lib_symbol_mismatch]: Symbol 'TC-6601-5-160G' doesn't match copy in library 'keyboard-89_local'
    ; warning
    @(293.37 mm, 123.19 mm): Symbol TC-pagedown1 [TC-6601-5-160G]
[lib_symbol_mismatch]: Symbol 'TC-6601-5-160G' doesn't match copy in library 'keyboard-89_local'
    ; warning
    @(293.37 mm, 184.15 mm): Symbol TC-right1 [TC-6601-5-160G]
[lib_symbol_mismatch]: Symbol 'TC-6601-5-160G' doesn't match copy in library 'keyboard-89_local'
    ; warning
    @(317.50 mm, 62.23 mm): Symbol TC-\+1 [TC-6601-5-160G]
[lib_symbol_mismatch]: Symbol 'TC-6601-5-160G' doesn't match copy in library 'keyboard-89_local'
    ; warning
    @(317.50 mm, 92.71 mm): Symbol TC-1 [TC-6601-5-160G]
[lib_symbol_mismatch]: Symbol 'TC-6601-5-160G' doesn't match copy in library 'keyboard-89_local'
    ; warning
    @(317.50 mm, 123.19 mm): Symbol TC-2 [TC-6601-5-160G]
[lib_symbol_mismatch]: Symbol 'TC-6601-5-160G' doesn't match copy in library 'keyboard-89_local'
    ; warning
    @(317.50 mm, 153.67 mm): Symbol TC-3 [TC-6601-5-160G]
[lib_symbol_mismatch]: Symbol 'TC-6601-5-160G' doesn't match copy in library 'keyboard-89_local'
    ; warning
    @(317.50 mm, 184.15 mm): Symbol TC-4 [TC-6601-5-160G]
[lib_symbol_mismatch]: Symbol 'TC-6601-5-160G' doesn't match copy in library 'keyboard-89_local'
    ; warning
    @(331.47 mm, 62.23 mm): Symbol TC-\-1 [TC-6601-5-160G]
[lib_symbol_mismatch]: Symbol 'TC-6601-5-160G' doesn't match copy in library 'keyboard-89_local'
    ; warning
    @(331.47 mm, 92.71 mm): Symbol TC-5 [TC-6601-5-160G]
[lib_symbol_mismatch]: Symbol 'TC-6601-5-160G' doesn't match copy in library 'keyboard-89_local'
    ; warning
    @(331.47 mm, 123.19 mm): Symbol TC-6 [TC-6601-5-160G]
[lib_symbol_mismatch]: Symbol 'TC-6601-5-160G' doesn't match copy in library 'keyboard-89_local'
    ; warning
    @(331.47 mm, 153.67 mm): Symbol TC-7 [TC-6601-5-160G]
[lib_symbol_mismatch]: Symbol 'TC-6601-5-160G' doesn't match copy in library 'keyboard-89_local'
    ; warning
    @(331.47 mm, 184.15 mm): Symbol TC-\.1 [TC-6601-5-160G]
[lib_symbol_mismatch]: Symbol 'TC-6601-5-160G' doesn't match copy in library 'keyboard-89_local'
    ; warning
    @(345.44 mm, 62.23 mm): Symbol TC-\*-R1 [TC-6601-5-160G]
[lib_symbol_mismatch]: Symbol 'TC-6601-5-160G' doesn't match copy in library 'keyboard-89_local'
    ; warning
    @(345.44 mm, 92.71 mm): Symbol TC-8 [TC-6601-5-160G]
[lib_symbol_mismatch]: Symbol 'TC-6601-5-160G' doesn't match copy in library 'keyboard-89_local'
    ; warning
    @(345.44 mm, 123.19 mm): Symbol TC-9 [TC-6601-5-160G]
[lib_symbol_mismatch]: Symbol 'TC-6601-5-160G' doesn't match copy in library 'keyboard-89_local'
    ; warning
    @(345.44 mm, 153.67 mm): Symbol TC-10 [TC-6601-5-160G]
[lib_symbol_mismatch]: Symbol 'TC-6601-5-160G' doesn't match copy in library 'keyboard-89_local'
    ; warning
    @(359.41 mm, 62.23 mm): Symbol TC-\/1 [TC-6601-5-160G]
[lib_symbol_mismatch]: Symbol 'TC-6601-5-160G' doesn't match copy in library 'keyboard-89_local'
    ; warning
    @(359.41 mm, 92.71 mm): Symbol TC-enter-R1 [TC-6601-5-160G]

***** Sheet /Power & USB/

***** Sheet /RP2040 Core/
[pin_not_connected]: Pin not connected
    ; error
    @(44.45 mm, 203.20 mm): Symbol C13 Pin 2 [2, Passive, Line]
[pin_not_connected]: Pin not connected
    ; error
    @(44.45 mm, 226.06 mm): Symbol C13 Pin 1 [1, Passive, Line]
[pin_not_connected]: Pin not connected
    ; error
    @(53.34 mm, 243.84 mm): Symbol Y1 Pin 1 [OSC1, Passive, Line]
[pin_not_connected]: Pin not connected
    ; error
    @(53.34 mm, 246.38 mm): Symbol Y1 Pin 2 [GND, Power input, Line]
[power_pin_not_driven]: Input Power pin not driven by any Output Power pins
    ; error
    @(53.34 mm, 246.38 mm): Symbol Y1 Pin 2 [GND, Power input, Line]
[pin_not_connected]: Pin not connected
    ; error
    @(66.04 mm, 243.84 mm): Symbol Y1 Pin 3 [OSC2, Passive, Line]
[pin_not_connected]: Pin not connected
    ; error
    @(69.85 mm, 104.14 mm): Symbol U1 Pin 2 [GPIO0, Bidirectional, Line]
[pin_not_connected]: Pin not connected
    ; error
    @(69.85 mm, 107.95 mm): Symbol U1 Pin 3 [GPIO1, Bidirectional, Line]
[pin_not_connected]: Pin not connected
    ; error
    @(69.85 mm, 111.76 mm): Symbol U1 Pin 4 [GPIO2, Bidirectional, Line]
[pin_not_connected]: Pin not connected
    ; error
    @(69.85 mm, 115.57 mm): Symbol U1 Pin 5 [GPIO3, Bidirectional, Line]
[pin_not_connected]: Pin not connected
    ; error
    @(69.85 mm, 119.38 mm): Symbol U1 Pin 6 [GPIO4, Bidirectional, Line]
[pin_not_connected]: Pin not connected
    ; error
    @(69.85 mm, 123.19 mm): Symbol U1 Pin 7 [GPIO5, Bidirectional, Line]
[pin_not_connected]: Pin not connected
    ; error
    @(69.85 mm, 127.00 mm): Symbol U1 Pin 8 [GPIO6, Bidirectional, Line]
[pin_not_connected]: Pin not connected
    ; error
    @(69.85 mm, 130.81 mm): Symbol U1 Pin 9 [GPIO7, Bidirectional, Line]
[pin_not_connected]: Pin not connected
    ; error
    @(69.85 mm, 134.62 mm): Symbol U1 Pin 11 [GPIO8, Bidirectional, Line]
[pin_not_connected]: Pin not connected
    ; error
    @(69.85 mm, 138.43 mm): Symbol U1 Pin 12 [GPIO9, Bidirectional, Line]
[pin_not_connected]: Pin not connected
    ; error
    @(69.85 mm, 142.24 mm): Symbol U1 Pin 13 [GPIO10, Bidirectional, Line]
[pin_not_connected]: Pin not connected
    ; error
    @(69.85 mm, 146.05 mm): Symbol U1 Pin 14 [GPIO11, Bidirectional, Line]
[pin_not_connected]: Pin not connected
    ; error
    @(69.85 mm, 149.86 mm): Symbol U1 Pin 15 [GPIO12, Bidirectional, Line]
[pin_not_connected]: Pin not connected
    ; error
    @(69.85 mm, 153.67 mm): Symbol U1 Pin 16 [GPIO13, Bidirectional, Line]
[pin_not_connected]: Pin not connected
    ; error
    @(69.85 mm, 157.48 mm): Symbol U1 Pin 17 [GPIO14, Bidirectional, Line]
[pin_not_connected]: Pin not connected
    ; error
    @(69.85 mm, 161.29 mm): Symbol U1 Pin 18 [GPIO15, Bidirectional, Line]
[power_pin_not_driven]: Input Power pin not driven by any Output Power pins
    ; error
    @(69.85 mm, 166.37 mm): Symbol U1 Pin 1 [IOVDD, Power input, Line]
[power_pin_not_driven]: Input Power pin not driven by any Output Power pins
    ; error
    @(69.85 mm, 179.07 mm): Symbol U1 Pin 57 [GND, Power input, Line]
[pin_not_connected]: Pin not connected
    ; error
    @(74.93 mm, 203.20 mm): Symbol C14 Pin 2 [2, Passive, Line]
[pin_not_connected]: Pin not connected
    ; error
    @(74.93 mm, 226.06 mm): Symbol C14 Pin 1 [1, Passive, Line]
[pin_not_connected]: Pin not connected
    ; error
    @(82.55 mm, 190.50 mm): Symbol U1 Pin 21 [XOUT, Passive, Line]
[pin_not_connected]: Pin not connected
    ; error
    @(87.63 mm, 190.50 mm): Symbol U1 Pin 20 [XIN, Passive, Line]
[pin_not_connected]: Pin not connected
    ; error
    @(92.71 mm, 190.50 mm): Symbol U1 Pin 25 [SWD, Bidirectional, Line]
[pin_not_connected]: Pin not connected
    ; error
    @(97.79 mm, 190.50 mm): Symbol U1 Pin 24 [SWCLK, Input, Line]
[pin_not_driven]: Input pin not driven by any Output pins
    ; error
    @(97.79 mm, 190.50 mm): Symbol U1 Pin 24 [SWCLK, Input, Line]
[pin_not_connected]: Pin not connected
    ; error
    @(102.87 mm, 190.50 mm): Symbol U1 Pin 26 [RUN, Input, Line]
[pin_not_driven]: Input pin not driven by any Output pins
    ; error
    @(102.87 mm, 190.50 mm): Symbol U1 Pin 26 [RUN, Input, Line]
[pin_not_connected]: Pin not connected
    ; error
    @(130.81 mm, 104.14 mm): Symbol U1 Pin 27 [GPIO16, Bidirectional, Line]
[pin_not_connected]: Pin not connected
    ; error
    @(130.81 mm, 107.95 mm): Symbol U1 Pin 28 [GPIO17, Bidirectional, Line]
[pin_not_connected]: Pin not connected
    ; error
    @(130.81 mm, 111.76 mm): Symbol U1 Pin 29 [GPIO18, Bidirectional, Line]
[pin_not_connected]: Pin not connected
    ; error
    @(130.81 mm, 115.57 mm): Symbol U1 Pin 30 [GPIO19, Bidirectional, Line]
[pin_not_connected]: Pin not connected
    ; error
    @(130.81 mm, 119.38 mm): Symbol U1 Pin 31 [GPIO20, Bidirectional, Line]
[pin_not_connected]: Pin not connected
    ; error
    @(130.81 mm, 123.19 mm): Symbol U1 Pin 32 [GPIO21, Bidirectional, Line]
[pin_not_connected]: Pin not connected
    ; error
    @(130.81 mm, 127.00 mm): Symbol U1 Pin 34 [GPIO22, Bidirectional, Line]
[pin_not_connected]: Pin not connected
    ; error
    @(130.81 mm, 130.81 mm): Symbol U1 Pin 35 [GPIO23, Bidirectional, Line]
[pin_not_connected]: Pin not connected
    ; error
    @(130.81 mm, 134.62 mm): Symbol U1 Pin 36 [GPIO24, Bidirectional, Line]
[pin_not_connected]: Pin not connected
    ; error
    @(130.81 mm, 138.43 mm): Symbol U1 Pin 37 [GPIO25, Bidirectional, Line]
[pin_not_connected]: Pin not connected
    ; error
    @(130.81 mm, 142.24 mm): Symbol U1 Pin 38 [GPIO26, Bidirectional, Line]
[pin_not_connected]: Pin not connected
    ; error
    @(130.81 mm, 146.05 mm): Symbol U1 Pin 39 [GPIO27, Bidirectional, Line]
[pin_not_connected]: Pin not connected
    ; error
    @(130.81 mm, 149.86 mm): Symbol U1 Pin 40 [GPIO28, Bidirectional, Line]
[pin_not_connected]: Pin not connected
    ; error
    @(130.81 mm, 153.67 mm): Symbol U1 Pin 41 [GPIO29, Bidirectional, Line]
[pin_not_connected]: Pin not connected
    ; error
    @(130.81 mm, 157.48 mm): Symbol U1 Pin 51 [QSPI_SD3, Bidirectional, Line]
[pin_not_connected]: Pin not connected
    ; error
    @(130.81 mm, 161.29 mm): Symbol U1 Pin 52 [QSPI_SCLK, Output, Line]
[pin_not_connected]: Pin not connected
    ; error
    @(130.81 mm, 165.10 mm): Symbol U1 Pin 53 [QSPI_SD0, Bidirectional, Line]
[pin_not_connected]: Pin not connected
    ; error
    @(130.81 mm, 168.91 mm): Symbol U1 Pin 54 [QSPI_SD2, Bidirectional, Line]
[pin_not_connected]: Pin not connected
    ; error
    @(130.81 mm, 172.72 mm): Symbol U1 Pin 55 [QSPI_SD1, Bidirectional, Line]
[pin_not_connected]: Pin not connected
    ; error
    @(130.81 mm, 176.53 mm): Symbol U1 Pin 56 [QSPI_CSn, Output, Line]
[pin_not_connected]: Pin not connected
    ; error
    @(130.81 mm, 180.34 mm): Symbol U1 Pin 46 [USB_DM, Bidirectional, Line]
[pin_not_connected]: Pin not connected
    ; error
    @(130.81 mm, 184.15 mm): Symbol U1 Pin 47 [USB_DP, Bidirectional, Line]
[pin_not_connected]: Pin not connected
    ; error
    @(148.59 mm, 229.87 mm): Symbol J2 Pin 1 [1, Passive, Line]
[pin_not_connected]: Pin not connected
    ; error
    @(148.59 mm, 232.41 mm): Symbol J2 Pin 2 [2, Passive, Line]
[pin_not_connected]: Pin not connected
    ; error
    @(148.59 mm, 234.95 mm): Symbol J2 Pin 3 [3, Passive, Line]
[pin_not_connected]: Pin not connected
    ; error
    @(148.59 mm, 237.49 mm): Symbol J2 Pin 4 [4, Passive, Line]
[pin_not_connected]: Pin not connected
    ; error
    @(148.59 mm, 240.03 mm): Symbol J2 Pin 5 [5, Passive, Line]
[pin_not_connected]: Pin not connected
    ; error
    @(180.34 mm, 38.10 mm): Symbol C1 Pin 2 [2, Passive, Line]
[pin_not_connected]: Pin not connected
    ; error
    @(180.34 mm, 60.96 mm): Symbol C1 Pin 1 [1, Passive, Line]
[pin_not_connected]: Pin not connected
    ; error
    @(203.20 mm, 38.10 mm): Symbol C2 Pin 2 [2, Passive, Line]
[pin_not_connected]: Pin not connected
    ; error
    @(203.20 mm, 60.96 mm): Symbol C2 Pin 1 [1, Passive, Line]
[pin_not_connected]: Pin not connected
    ; error
    @(224.79 mm, 88.90 mm): Symbol C10 Pin 2 [2, Passive, Line]
[pin_not_connected]: Pin not connected
    ; error
    @(224.79 mm, 111.76 mm): Symbol C10 Pin 1 [1, Passive, Line]
[pin_not_connected]: Pin not connected
    ; error
    @(226.06 mm, 38.10 mm): Symbol C3 Pin 2 [2, Passive, Line]
[pin_not_connected]: Pin not connected
    ; error
    @(226.06 mm, 60.96 mm): Symbol C3 Pin 1 [1, Passive, Line]
[pin_not_connected]: Pin not connected
    ; error
    @(248.92 mm, 38.10 mm): Symbol C4 Pin 2 [2, Passive, Line]
[pin_not_connected]: Pin not connected
    ; error
    @(248.92 mm, 60.96 mm): Symbol C4 Pin 1 [1, Passive, Line]
[pin_not_connected]: Pin not connected
    ; error
    @(265.43 mm, 193.04 mm): Symbol R5 Pin 2 [2, Passive, Line]
[pin_not_connected]: Pin not connected
    ; error
    @(265.43 mm, 215.90 mm): Symbol R5 Pin 1 [1, Passive, Line]
[pin_not_connected]: Pin not connected
    ; error
    @(270.51 mm, 88.90 mm): Symbol C11 Pin 2 [2, Passive, Line]
[pin_not_connected]: Pin not connected
    ; error
    @(270.51 mm, 111.76 mm): Symbol C11 Pin 1 [1, Passive, Line]
[pin_not_connected]: Pin not connected
    ; error
    @(271.78 mm, 38.10 mm): Symbol C5 Pin 2 [2, Passive, Line]
[pin_not_connected]: Pin not connected
    ; error
    @(271.78 mm, 60.96 mm): Symbol C5 Pin 1 [1, Passive, Line]
[pin_not_connected]: Pin not connected
    ; error
    @(294.64 mm, 38.10 mm): Symbol C6 Pin 2 [2, Passive, Line]
[pin_not_connected]: Pin not connected
    ; error
    @(294.64 mm, 60.96 mm): Symbol C6 Pin 1 [1, Passive, Line]
[pin_not_connected]: Pin not connected
    ; error
    @(308.61 mm, 203.20 mm): Symbol SW_RST Pin 1 [1, Passive, Line]
[pin_not_connected]: Pin not connected
    ; error
    @(308.61 mm, 205.74 mm): Symbol SW_RST Pin 2 [2, Passive, Line]
[pin_not_connected]: Pin not connected
    ; error
    @(314.96 mm, 88.90 mm): Symbol C12 Pin 2 [2, Passive, Line]
[pin_not_connected]: Pin not connected
    ; error
    @(314.96 mm, 111.76 mm): Symbol C12 Pin 1 [1, Passive, Line]
[pin_not_connected]: Pin not connected
    ; error
    @(317.50 mm, 38.10 mm): Symbol C7 Pin 2 [2, Passive, Line]
[pin_not_connected]: Pin not connected
    ; error
    @(317.50 mm, 60.96 mm): Symbol C7 Pin 1 [1, Passive, Line]
[pin_not_connected]: Pin not connected
    ; error
    @(321.31 mm, 203.20 mm): Symbol SW_RST Pin 3 [3, Passive, Line]
[pin_not_connected]: Pin not connected
    ; error
    @(321.31 mm, 205.74 mm): Symbol SW_RST Pin 4 [4, Passive, Line]
[pin_not_connected]: Pin not connected
    ; error
    @(340.36 mm, 38.10 mm): Symbol C8 Pin 2 [2, Passive, Line]
[pin_not_connected]: Pin not connected
    ; error
    @(340.36 mm, 60.96 mm): Symbol C8 Pin 1 [1, Passive, Line]
[pin_not_connected]: Pin not connected
    ; error
    @(363.22 mm, 38.10 mm): Symbol C9 Pin 2 [2, Passive, Line]
[pin_not_connected]: Pin not connected
    ; error
    @(363.22 mm, 60.96 mm): Symbol C9 Pin 1 [1, Passive, Line]

***** Sheet /QSPI Flash/
[pin_not_driven]: Input pin not driven by any Output pins
    ; error
    @(194.31 mm, 107.95 mm): Symbol U3 Pin 1 [CS#, Input, Line]
[pin_not_driven]: Input pin not driven by any Output pins
    ; error
    @(194.31 mm, 113.03 mm): Symbol U3 Pin 6 [SCLK, Input, Line]

***** Sheet /Matrix/

 ** ERC messages: 199  Errors 102  Warnings 97

 ** Ignored checks:
    - Global label only appears once in the schematic
    - Four connection points are joined together
    - SPICE model issue
    - Assigned footprint doesn't match footprint filters
